
Discarded input sections

 .group         0x00000000        0xc ../build/obj/src/main.o
 .group         0x00000000        0xc ../build/obj/src/main.o
 .group         0x00000000        0xc ../build/obj/src/main.o
 .group         0x00000000        0xc ../build/obj/src/main.o
 .group         0x00000000        0xc ../build/obj/src/main.o
 .group         0x00000000        0xc ../build/obj/src/main.o
 .group         0x00000000        0xc ../build/obj/src/main.o
 .group         0x00000000        0xc ../build/obj/src/main.o
 .group         0x00000000        0xc ../build/obj/src/main.o
 .group         0x00000000        0xc ../build/obj/src/main.o
 .group         0x00000000        0xc ../build/obj/src/main.o
 .group         0x00000000        0xc ../build/obj/src/main.o
 .group         0x00000000        0xc ../build/obj/src/main.o
 .group         0x00000000        0xc ../build/obj/src/main.o
 .group         0x00000000        0xc ../build/obj/src/main.o
 .group         0x00000000        0xc ../build/obj/src/main.o
 .group         0x00000000        0xc ../build/obj/src/main.o
 .group         0x00000000        0xc ../build/obj/src/main.o
 .group         0x00000000        0xc ../build/obj/src/main.o
 .group         0x00000000        0xc ../build/obj/src/main.o
 .group         0x00000000        0xc ../build/obj/src/main.o
 .group         0x00000000        0xc ../build/obj/src/main.o
 .group         0x00000000        0xc ../build/obj/src/main.o
 .group         0x00000000        0xc ../build/obj/src/main.o
 .group         0x00000000        0xc ../build/obj/src/sas_adc.o
 .group         0x00000000        0xc ../build/obj/src/sas_adc.o
 .group         0x00000000        0xc ../build/obj/src/sas_adc.o
 .group         0x00000000        0xc ../build/obj/src/sas_adc.o
 .group         0x00000000        0xc ../build/obj/src/sas_adc.o
 .group         0x00000000        0xc ../build/obj/src/sas_adc.o
 .group         0x00000000        0xc ../build/obj/src/sas_adc.o
 .group         0x00000000        0xc ../build/obj/src/sas_adc.o
 .debug_macro   0x00000000      0xa60 ../build/obj/src/sas_adc.o
 .debug_macro   0x00000000       0x22 ../build/obj/src/sas_adc.o
 .debug_macro   0x00000000       0x8e ../build/obj/src/sas_adc.o
 .debug_macro   0x00000000       0x51 ../build/obj/src/sas_adc.o
 .debug_macro   0x00000000      0x103 ../build/obj/src/sas_adc.o
 .debug_macro   0x00000000       0x6a ../build/obj/src/sas_adc.o
 .debug_macro   0x00000000      0x1df ../build/obj/src/sas_adc.o
 .debug_macro   0x00000000       0x22 ../build/obj/src/sas_adc.o
 .group         0x00000000        0xc ../build/obj/src/sas_can.o
 .group         0x00000000        0xc ../build/obj/src/sas_can.o
 .group         0x00000000        0xc ../build/obj/src/sas_can.o
 .group         0x00000000        0xc ../build/obj/src/sas_can.o
 .group         0x00000000        0xc ../build/obj/src/sas_can.o
 .group         0x00000000        0xc ../build/obj/src/sas_can.o
 .group         0x00000000        0xc ../build/obj/src/sas_can.o
 .group         0x00000000        0xc ../build/obj/src/sas_can.o
 .group         0x00000000        0xc ../build/obj/src/sas_can.o
 .group         0x00000000        0xc ../build/obj/src/sas_can.o
 .group         0x00000000        0xc ../build/obj/src/sas_can.o
 .group         0x00000000        0xc ../build/obj/src/sas_can.o
 .group         0x00000000        0xc ../build/obj/src/sas_can.o
 .group         0x00000000        0xc ../build/obj/src/sas_can.o
 .debug_macro   0x00000000      0xa60 ../build/obj/src/sas_can.o
 .debug_macro   0x00000000       0x22 ../build/obj/src/sas_can.o
 .debug_macro   0x00000000       0x22 ../build/obj/src/sas_can.o
 .debug_macro   0x00000000       0x8e ../build/obj/src/sas_can.o
 .debug_macro   0x00000000       0x51 ../build/obj/src/sas_can.o
 .debug_macro   0x00000000      0x103 ../build/obj/src/sas_can.o
 .debug_macro   0x00000000       0x6a ../build/obj/src/sas_can.o
 .debug_macro   0x00000000      0x1df ../build/obj/src/sas_can.o
 .debug_macro   0x00000000       0x1c ../build/obj/src/sas_can.o
 .debug_macro   0x00000000       0x22 ../build/obj/src/sas_can.o
 .debug_macro   0x00000000       0xbd ../build/obj/src/sas_can.o
 .debug_macro   0x00000000      0xd23 ../build/obj/src/sas_can.o
 .debug_macro   0x00000000     0xde75 ../build/obj/src/sas_can.o
 .debug_macro   0x00000000       0x22 ../build/obj/src/sas_can.o
 .group         0x00000000        0xc ../build/obj/src/sas_clock.o
 .group         0x00000000        0xc ../build/obj/src/sas_clock.o
 .group         0x00000000        0xc ../build/obj/src/sas_clock.o
 .group         0x00000000        0xc ../build/obj/src/sas_clock.o
 .group         0x00000000        0xc ../build/obj/src/sas_clock.o
 .group         0x00000000        0xc ../build/obj/src/sas_clock.o
 .group         0x00000000        0xc ../build/obj/src/sas_clock.o
 .group         0x00000000        0xc ../build/obj/src/sas_clock.o
 .group         0x00000000        0xc ../build/obj/src/sas_clock.o
[...]
Memory Configuration

Name             Origin             Length             Attributes
VECTAB           0x08000000         0x00000110         xr
FLASH            0x08000110         0x0000feef         xr
SRAM             0x20000000         0x00005000         xrw
*default*        0x00000000         0xffffffff

Linker script and memory map

LOAD ../build/obj/src/main.o
LOAD ../build/obj/src/sas_adc.o
LOAD ../build/obj/src/sas_can.o
LOAD ../build/obj/src/sas_clock.o
LOAD ../build/obj/src/sas_dac.o
LOAD ../build/obj/src/sas_flash.o
LOAD ../build/obj/src/sas_gpio.o
LOAD ../build/obj/src/sas_init.o
LOAD ../build/obj/src/sas_interrupt.o
LOAD ../build/obj/src/sas_startup.o
LOAD ../build/obj/src/sas_uart.o
LOAD ../build/obj/src/sas_wdg.o
LOAD ../build/obj/openSrcLibs/source/croutine.o
LOAD ../build/obj/openSrcLibs/source/event_groups.o
LOAD ../build/obj/openSrcLibs/source/heap_2.o
LOAD ../build/obj/openSrcLibs/source/list.o
LOAD ../build/obj/openSrcLibs/source/port.o
LOAD ../build/obj/openSrcLibs/source/queue.o
LOAD ../build/obj/openSrcLibs/source/stream_buffer.o
LOAD ../build/obj/openSrcLibs/source/tasks.o
LOAD ../build/obj/openSrcLibs/source/timers.o

.intvec         0x08000000      0x10c
                0x08000000                _intvec_start_ = .
 *(.intvec)
 .intvec        0x08000000      0x10c ../build/obj/src/sas_interrupt.o
                0x08000000                vectorTable
                0x0800010c                . = ALIGN (0x4)
                0x0800010c                _intvec_end_ = .

.text           0x08000110     0x5564
                0x08000110                _stext = .
 *(.text)
 .text          0x08000110      0x168 ../build/obj/src/main.o
                0x08000110                delay
                0x0800013c                JumpToApp
                0x0800017c                memcpy
                0x080001ca                memset
                0x0800020a                main
                0x0800026c                vApplicationStackOverflowHook
 .text          0x08000278        0x0 ../build/obj/src/sas_adc.o
 .text          0x08000278      0x448 ../build/obj/src/sas_can.o
                0x08000278                sas_setCANBaud
                0x080002d4                sas_can_initMode
                0x08000318                sas_can_init
                0x08000382                sas_can_startStop
                0x08000408                sas_set_can_mode
                0x08000436                sas_get_can_status
                0x0800044a                sas_can_fiter_conf
                0x080004d8                sas_canWrite
                0x0800056c                sas_canRead
 .text          0x080006c0      0x120 ../build/obj/src/sas_clock.o
                0x080006c0                sas_clock_init
                0x08000700                sas_clock_set
                0x08000778                sas_peri_clock_enable
 .text          0x080007e0        0x0 ../build/obj/src/sas_dac.o
 .text          0x080007e0       0xa8 ../build/obj/src/sas_flash.o
                0x080007e0                erase_application
                0x080007ee                erase_page
                0x080007fc                erase_address
                0x0800080a                write_word
                0x08000818                write_byte
                0x08000826                write_address
                0x08000834                program_page
                0x08000842                program_application
                0x08000850                read_application
                0x0800085e                read_address
                0x0800086c                unlock_flash
                0x0800087a                lock_flash
 .text          0x08000888      0x2f8 ../build/obj/src/sas_gpio.o
                0x08000888                config_gpio_pin
                0x080008c4                read_pin
                0x08000900                write_pin
                0x08000938                sas_read_pin
                0x08000980                sas_write_pin
                0x080009cc                sas_read_port
                0x080009e4                sas_write_port
                0x080009fc                sas_configure_pin
                0x08000b68                sas_configure_port
 .text          0x08000b80       0x34 ../build/obj/src/sas_init.o
                0x08000b80                sysinit
 .text          0x08000bb4       0x3c ../build/obj/src/sas_interrupt.o
                0x08000bb4                RTC_Alarm_IRQHandler
                0x08000bb4                EXTI2_IRQHandler
                0x08000bb4                I2C1_ER_IRQHandler
                0x08000bb4                TIM1_CC_IRQHandler
                0x08000bb4                USART1_IRQHandler
                0x08000bb4                FLASH_IRQHandler
                0x08000bb4                PVD_IRQHandler
                0x08000bb4                CAN1_SCE_IRQHandler
                0x08000bb4                DMA1_Channel2_IRQHandler
                0x08000bb4                EXTI3_IRQHandler
                0x08000bb4                EXTI0_IRQHandler
                0x08000bb4                USART2_IRQHandler
                0x08000bb4                ADC1_2_IRQHandler
                0x08000bb4                SPI1_IRQHandler
                0x08000bb4                TAMPER_IRQHandler
                0x08000bb4                DMA1_Channel4_IRQHandler
                0x08000bb4                DefaultHandler
                0x08000bb4                RTC_IRQHandler
                0x08000bb4                DMA1_Channel7_IRQHandler
                0x08000bb4                CAN1_RX1_IRQHandler
                0x08000bb4                I2C1_EV_IRQHandler
                0x08000bb4                DMA1_Channel6_IRQHandler
                0x08000bb4                TIM3_IRQHandler
                0x08000bb4                RCC_IRQHandler
                0x08000bb4                TIM1_TRG_COM_IRQHandler
                0x08000bb4                DMA1_Channel1_IRQHandler
                0x08000bb4                EXTI15_10_IRQHandler
                0x08000bb4                EXTI9_5_IRQHandler
                0x08000bb4                EXTI1_IRQHandler
                0x08000bb4                TIM1_BRK_IRQHandler
                0x08000bb4                DMA1_Channel5_IRQHandler
                0x08000bb4                EXTI4_IRQHandler
                0x08000bb4                USB_LP_CAN1_RX0_IRQHandler
                0x08000bb4                USB_HP_CAN1_TX_IRQHandler
                0x08000bb4                DMA1_Channel3_IRQHandler
                0x08000bb4                TIM1_UP_IRQHandler
                0x08000bb4                WWDG_IRQHandler
                0x08000bb4                TIM2_IRQHandler
                0x08000bb4                USBWakeUp_IRQHandler
                0x08000bba                NMI_Handler
                0x08000bc0                HardFault_Handler
                0x08000bc6                MemManage_Handler
                0x08000bcc                BusFault_Handler
                0x08000bd2                UsageFault_Handler
                0x08000bd8                SVC_Handler
                0x08000bde                DebugMon_Handler
                0x08000be4                PendSV_Handler
                0x08000bea                SysTick_Handler
 .text          0x08000bf0       0x78 ../build/obj/src/sas_startup.o
                0x08000bf0                Reset_Handler
                0x08000c00                initDataNbss
 .text          0x08000c68        0x0 ../build/obj/src/sas_uart.o
 .text          0x08000c68       0x1c ../build/obj/src/sas_wdg.o
                0x08000c68                sas_serv_wdg
                0x08000c76                sas_wdg_init
 .text          0x08000c84        0x0 ../build/obj/openSrcLibs/source/croutine.o
 .text          0x08000c84      0x484 ../build/obj/openSrcLibs/source/event_groups.o
                0x08000c84                xEventGroupCreate
                0x08000cb2                xEventGroupSync
                0x08000da4                xEventGroupWaitBits
                0x08000eb8                xEventGroupClearBits
                0x08000eec                xEventGroupGetBitsFromISR
                0x08000f32                xEventGroupSetBits
                0x0800100c                vEventGroupDelete
                0x0800104c                vEventGroupSetBitsCallback
                0x08001066                vEventGroupClearBitsCallback
                0x080010c2                uxEventGroupGetNumber
                0x080010ec                vEventGroupSetNumber
 .text          0x08001108      0x2a4 ../build/obj/openSrcLibs/source/heap_2.o
                0x08001108                pvPortMalloc
                0x08001244                vPortFree
                0x080012dc                xPortGetFreeHeapSize
                0x080012f0                vPortInitialiseBlocks
                0x080012fc                pvPortCalloc
 .text          0x080013ac      0x15e ../build/obj/openSrcLibs/source/list.o
                0x080013ac                vListInitialise
                0x080013ea                vListInitialiseItem
                0x08001402                vListInsertEnd
                0x08001448                vListInsert
                0x080014b8                uxListRemove
 *fill*         0x0800150a        0x6 
 .text          0x08001510      0x250 ../build/obj/openSrcLibs/source/port.o
                0x08001510                pxPortInitialiseStack
                0x0800159a                vPortSVCHandler
                0x080015e6                xPortStartScheduler
                0x08001628                vPortEndScheduler
                0x08001634                vPortEnterCritical
                0x08001668                vPortExitCritical
                0x0800169c                xPortPendSVHandler
                0x080016e6                xPortSysTickHandler
                0x0800172c                vPortSetupTimerInterrupt
 .text          0x08001760      0xe78 ../build/obj/openSrcLibs/source/queue.o
                0x08001760                xQueueGenericReset
                0x08001848                xQueueGenericCreate
                0x08001940                xQueueCreateMutex
                0x08001970                xQueueGiveMutexRecursive
                0x080019bc                xQueueTakeMutexRecursive
                0x08001a0c                xQueueCreateCountingSemaphore
                0x08001a4a                xQueueGenericSend
                0x08001ba0                xQueueGenericSendFromISR
                0x08001c6a                xQueueGiveFromISR
                0x08001d22                xQueueReceive
                0x08001e68                xQueueSemaphoreTake
                0x08001ff8                xQueuePeek
                0x08002140                xQueueReceiveFromISR
                0x08002202                xQueuePeekFromISR
                0x08002268                uxQueueMessagesWaiting
                0x08002288                uxQueueSpacesAvailable
                0x080022b2                uxQueueMessagesWaitingFromISR
                0x080022d0                vQueueDelete
                0x080022ea                uxQueueGetQueueNumber
                0x08002300                vQueueSetQueueNumber
                0x0800231a                ucQueueGetQueueType
                0x08002550                xQueueIsQueueEmptyFromISR
                0x080025aa                xQueueIsQueueFullFromISR
 .text          0x080025d8      0x958 ../build/obj/openSrcLibs/source/stream_buffer.o
                0x080025d8                xStreamBufferGenericCreate
                0x0800264c                vStreamBufferDelete
                0x0800267e                xStreamBufferReset
                0x080026ec                xStreamBufferSetTriggerLevel
                0x0800272a                xStreamBufferSpacesAvailable
                0x08002782                xStreamBufferBytesAvailable
                0x080027a0                xStreamBufferSend
                0x080028c6                xStreamBufferSendFromISR
                0x080029e6                xStreamBufferReceive
                0x08002ac0                xStreamBufferNextMessageLengthBytes
                0x08002b10                xStreamBufferReceiveFromISR
                0x08002c30                xStreamBufferIsEmpty
                0x08002c62                xStreamBufferIsFull
                0x08002ca6                xStreamBufferSendCompletedFromISR
                0x08002d14                xStreamBufferReceiveCompletedFromISR
                0x08002ee4                uxStreamBufferGetStreamBufferNumber
                0x08002efa                vStreamBufferSetStreamBufferNumber
                0x08002f14                ucStreamBufferGetStreamBufferType
 .text          0x08002f30     0x26f8 ../build/obj/openSrcLibs/source/tasks.o
                0x08002f30                xTaskCreate
                0x080031c8                vTaskDelete
                0x080032d0                xTaskDelayUntil
                0x08003374                vTaskDelay
                0x080033bc                eTaskGetState
                0x08003484                uxTaskPriorityGet
                0x080034b8                uxTaskPriorityGetFromISR
                0x08003510                vTaskPrioritySet
                0x08003698                vTaskSuspend
                0x080037f8                vTaskResume
                0x080038e8                xTaskResumeFromISR
                0x08003a04                vTaskStartScheduler
                0x08003a7c                vTaskEndScheduler
                0x08003aac                vTaskSuspendAll
                0x08003ac8                xTaskResumeAll
                0x08003ca0                xTaskGetTickCount
                0x08003cbc                xTaskGetTickCountFromISR
                0x08003cdc                uxTaskGetNumberOfTasks
                0x08003cf0                pcTaskGetName
                0x08003d1c                uxTaskGetSystemState
                0x08003e38                xTaskCatchUpTicks
                0x08003e6c                xTaskIncrementTick
                0x08004078                vTaskSwitchContext
                0x08004150                vTaskPlaceOnEventList
                0x0800417c                vTaskPlaceOnUnorderedEventList
                0x080041ec                xTaskRemoveFromEventList
                0x0800437c                vTaskRemoveFromUnorderedEventList
                0x080044bc                vTaskSetTimeOutState
                0x080044ec                vTaskInternalSetTimeOutState
                0x08004518                xTaskCheckForTimeOut
                0x080045ac                vTaskMissedYield
                0x080045c4                uxTaskGetTaskNumber
                0x080045ee                vTaskSetTaskNumber
                0x0800471c                vTaskGetInfo
                0x08004918                xTaskGetCurrentTaskHandle
                0x08004934                xTaskPriorityInherit
                0x08004a70                xTaskPriorityDisinherit
                0x08004b74                vTaskPriorityDisinheritAfterTimeout
                0x08004ca0                uxTaskResetEventItemValue
                0x08004cd0                pvTaskIncrementMutexHeldCount
                0x08004cf8                ulTaskGenericNotifyTake
                0x08004db4                xTaskGenericNotifyWait
                0x08004ea0                xTaskGenericNotify
                0x08005070                xTaskGenericNotifyFromISR
                0x080052b8                vTaskGenericNotifyGiveFromISR
                0x08005470                xTaskGenericNotifyStateClear
                0x080054c8                ulTaskGenericNotifyValueClear
 .text          0x08005628        0x0 ../build/obj/openSrcLibs/source/timers.o
 *(.text*)
 *(.rodata)
 .rodata        0x08005628       0x40 ../build/obj/src/sas_clock.o
                0x08005628                sas_clock_config
 .rodata        0x08005668        0x2 ../build/obj/openSrcLibs/source/heap_2.o
 *fill*         0x0800566a        0x2 
 .rodata        0x0800566c        0x5 ../build/obj/openSrcLibs/source/tasks.o
 *(.rodata*)
 *(.glue_7)
 .glue_7        0x08005671        0x0 linker stubs
 *(.glue_7t)
 .glue_7t       0x08005671        0x0 linker stubs
 *(.eh_frame)
 *(.init)
 *(.fini)
                0x08005674                . = ALIGN (0x4)
 *fill*         0x08005671        0x3 
                0x08005674                _etext = .

.vfp11_veneer   0x08005674        0x0
 .vfp11_veneer  0x08005674        0x0 linker stubs

.v4_bx          0x08005674        0x0
 .v4_bx         0x08005674        0x0 linker stubs

.iplt           0x08005674        0x0
 .iplt          0x08005674        0x0 ../build/obj/src/main.o

.rel.dyn        0x08005674        0x0
 .rel.iplt      0x08005674        0x0 ../build/obj/src/main.o

.data           0x20000000        0xc load address 0x08005674
                0x20000000                _sdata_ram = .
 *(.data)
 .data          0x20000000        0x0 ../build/obj/src/main.o
 .data          0x20000000        0x0 ../build/obj/src/sas_adc.o
 .data          0x20000000        0x0 ../build/obj/src/sas_can.o
 .data          0x20000000        0x0 ../build/obj/src/sas_clock.o
 .data          0x20000000        0x0 ../build/obj/src/sas_dac.o
 .data          0x20000000        0x0 ../build/obj/src/sas_flash.o
 .data          0x20000000        0x0 ../build/obj/src/sas_gpio.o
 .data          0x20000000        0x0 ../build/obj/src/sas_init.o
 .data          0x20000000        0x0 ../build/obj/src/sas_interrupt.o
 .data          0x20000000        0x0 ../build/obj/src/sas_startup.o
 .data          0x20000000        0x0 ../build/obj/src/sas_uart.o
 .data          0x20000000        0x0 ../build/obj/src/sas_wdg.o
 .data          0x20000000        0x0 ../build/obj/openSrcLibs/source/croutine.o
 .data          0x20000000        0x0 ../build/obj/openSrcLibs/source/event_groups.o
 .data          0x20000000        0x4 ../build/obj/openSrcLibs/source/heap_2.o
 .data          0x20000004        0x0 ../build/obj/openSrcLibs/source/list.o
 .data          0x20000004        0x4 ../build/obj/openSrcLibs/source/port.o
 .data          0x20000008        0x0 ../build/obj/openSrcLibs/source/queue.o
 .data          0x20000008        0x0 ../build/obj/openSrcLibs/source/stream_buffer.o
 .data          0x20000008        0x4 ../build/obj/openSrcLibs/source/tasks.o
                0x20000008                uxTopUsedPriority
 .data          0x2000000c        0x0 ../build/obj/openSrcLibs/source/timers.o
                0x2000000c                . = ALIGN (0x4)
                0x2000000c                _edata_ram = .

.BootAppFlags   0x2000000c        0x4 load address 0x08005680
 .BootAppFlags  0x2000000c        0x4 ../build/obj/src/main.o
                0x2000000c                BootAppFlag

.igot.plt       0x20000010        0x0 load address 0x08005684
 .igot.plt      0x20000010        0x0 ../build/obj/src/main.o

.bss            0x20000010     0x4948 load address 0x08005684
                0x20000010                _bss_start_ = .
 *(.bss)
 .bss           0x20000010       0x19 ../build/obj/src/main.o
                0x20000010                dlyCnt
                0x20000014                counter
                0x20000018                timeoutVar
                0x2000001c                count
                0x2000001e                pendingData
                0x20000020                validAppAvailble
                0x20000024                i
                0x20000028                currstate
 .bss           0x20000029        0x0 ../build/obj/src/sas_adc.o
 *fill*         0x20000029        0x3 
 .bss           0x2000002c       0x10 ../build/obj/src/sas_can.o
                0x2000002c                canRxFrame
 .bss           0x2000003c        0x0 ../build/obj/src/sas_clock.o
 .bss           0x2000003c        0x0 ../build/obj/src/sas_dac.o
 .bss           0x2000003c        0x0 ../build/obj/src/sas_flash.o
 .bss           0x2000003c        0x4 ../build/obj/src/sas_gpio.o
                0x2000003c                gpio
 .bss           0x20000040        0x0 ../build/obj/src/sas_init.o
 .bss           0x20000040        0x0 ../build/obj/src/sas_interrupt.o
 .bss           0x20000040        0x0 ../build/obj/src/sas_startup.o
 .bss           0x20000040        0x0 ../build/obj/src/sas_uart.o
 .bss           0x20000040        0x0 ../build/obj/src/sas_wdg.o
 .bss           0x20000040        0x0 ../build/obj/openSrcLibs/source/croutine.o
 .bss           0x20000040        0x0 ../build/obj/openSrcLibs/source/event_groups.o
 .bss           0x20000040     0x4814 ../build/obj/openSrcLibs/source/heap_2.o
 .bss           0x20004854        0x0 ../build/obj/openSrcLibs/source/list.o
 .bss           0x20004854        0x0 ../build/obj/openSrcLibs/source/port.o
 .bss           0x20004854        0x0 ../build/obj/openSrcLibs/source/queue.o
 .bss           0x20004854        0x0 ../build/obj/openSrcLibs/source/stream_buffer.o
 .bss           0x20004854      0x104 ../build/obj/openSrcLibs/source/tasks.o
                0x20004854                pxCurrentTCB
 .bss           0x20004958        0x0 ../build/obj/openSrcLibs/source/timers.o
 *(.bss*)
 *(.common)
 *(.common*)
                0x20004958                . = ALIGN (0x4)
                0x20004958                _bss_end_ = .
OUTPUT(../build/bin/STM32F103C8_BASE.elf elf32-littlearm)
LOAD linker stubs

.debug_info     0x00000000     0x6d1e
 .debug_info    0x00000000      0x575 ../build/obj/src/main.o
 .debug_info    0x00000575       0x68 ../build/obj/src/sas_adc.o
 .debug_info    0x000005dd      0x8bb ../build/obj/src/sas_can.o
 .debug_info    0x00000e98      0x2e5 ../build/obj/src/sas_clock.o
 .debug_info    0x0000117d       0x68 ../build/obj/src/sas_dac.o
 .debug_info    0x000011e5      0x1a5 ../build/obj/src/sas_flash.o
 .debug_info    0x0000138a      0x53f ../build/obj/src/sas_gpio.o
 .debug_info    0x000018c9       0xb3 ../build/obj/src/sas_init.o
 .debug_info    0x0000197c      0x168 ../build/obj/src/sas_interrupt.o
 .debug_info    0x00001ae4      0x13e ../build/obj/src/sas_startup.o
 .debug_info    0x00001c22       0x68 ../build/obj/src/sas_uart.o
 .debug_info    0x00001c8a       0xc9 ../build/obj/src/sas_wdg.o
 .debug_info    0x00001d53       0x76 ../build/obj/openSrcLibs/source/croutine.o
 .debug_info    0x00001dc9      0x798 ../build/obj/openSrcLibs/source/event_groups.o
 .debug_info    0x00002561      0x35f ../build/obj/openSrcLibs/source/heap_2.o
 .debug_info    0x000028c0      0x2d1 ../build/obj/openSrcLibs/source/list.o
 .debug_info    0x00002b91      0x2e1 ../build/obj/openSrcLibs/source/port.o
 .debug_info    0x00002e72     0x1140 ../build/obj/openSrcLibs/source/queue.o
 .debug_info    0x00003fb2      0xe05 ../build/obj/openSrcLibs/source/stream_buffer.o
 .debug_info    0x00004db7     0x1ef1 ../build/obj/openSrcLibs/source/tasks.o
 .debug_info    0x00006ca8       0x76 ../build/obj/openSrcLibs/source/timers.o

.debug_abbrev   0x00000000     0x1802
 .debug_abbrev  0x00000000      0x206 ../build/obj/src/main.o
 .debug_abbrev  0x00000206       0x29 ../build/obj/src/sas_adc.o
 .debug_abbrev  0x0000022f      0x20d ../build/obj/src/sas_can.o
 .debug_abbrev  0x0000043c      0x154 ../build/obj/src/sas_clock.o
 .debug_abbrev  0x00000590       0x29 ../build/obj/src/sas_dac.o
 .debug_abbrev  0x000005b9       0x72 ../build/obj/src/sas_flash.o
 .debug_abbrev  0x0000062b      0x1cb ../build/obj/src/sas_gpio.o
 .debug_abbrev  0x000007f6       0x74 ../build/obj/src/sas_init.o
 .debug_abbrev  0x0000086a       0x82 ../build/obj/src/sas_interrupt.o
 .debug_abbrev  0x000008ec       0x9b ../build/obj/src/sas_startup.o
 .debug_abbrev  0x00000987       0x29 ../build/obj/src/sas_uart.o
 .debug_abbrev  0x000009b0       0x74 ../build/obj/src/sas_wdg.o
 .debug_abbrev  0x00000a24       0x29 ../build/obj/openSrcLibs/source/croutine.o
 .debug_abbrev  0x00000a4d      0x1f1 ../build/obj/openSrcLibs/source/event_groups.o
 .debug_abbrev  0x00000c3e      0x19c ../build/obj/openSrcLibs/source/heap_2.o
 .debug_abbrev  0x00000dda       0xf2 ../build/obj/openSrcLibs/source/list.o
 .debug_abbrev  0x00000ecc      0x1e6 ../build/obj/openSrcLibs/source/port.o
 .debug_abbrev  0x000010b2      0x22f ../build/obj/openSrcLibs/source/queue.o
 .debug_abbrev  0x000012e1      0x221 ../build/obj/openSrcLibs/source/stream_buffer.o
 .debug_abbrev  0x00001502      0x2d7 ../build/obj/openSrcLibs/source/tasks.o
 .debug_abbrev  0x000017d9       0x29 ../build/obj/openSrcLibs/source/timers.o

.debug_aranges  0x00000000      0x278
 .debug_aranges
                0x00000000       0x20 ../build/obj/src/main.o
 .debug_aranges
                0x00000020       0x18 ../build/obj/src/sas_adc.o
 .debug_aranges
                0x00000038       0x20 ../build/obj/src/sas_can.o
 .debug_aranges
                0x00000058       0x20 ../build/obj/src/sas_clock.o
 .debug_aranges
                0x00000078       0x18 ../build/obj/src/sas_dac.o
 .debug_aranges
                0x00000090       0x20 ../build/obj/src/sas_flash.o
 .debug_aranges
                0x000000b0       0x20 ../build/obj/src/sas_gpio.o
 .debug_aranges
                0x000000d0       0x20 ../build/obj/src/sas_init.o
 .debug_aranges
                0x000000f0       0x20 ../build/obj/src/sas_interrupt.o
 .debug_aranges
                0x00000110       0x20 ../build/obj/src/sas_startup.o
 .debug_aranges
                0x00000130       0x18 ../build/obj/src/sas_uart.o
 .debug_aranges
                0x00000148       0x20 ../build/obj/src/sas_wdg.o
 .debug_aranges
                0x00000168       0x18 ../build/obj/openSrcLibs/source/croutine.o
 .debug_aranges
                0x00000180       0x20 ../build/obj/openSrcLibs/source/event_groups.o
 .debug_aranges
                0x000001a0       0x20 ../build/obj/openSrcLibs/source/heap_2.o
 .debug_aranges
                0x000001c0       0x20 ../build/obj/openSrcLibs/source/list.o
 .debug_aranges
                0x000001e0       0x20 ../build/obj/openSrcLibs/source/port.o
 .debug_aranges
                0x00000200       0x20 ../build/obj/openSrcLibs/source/queue.o
 .debug_aranges
                0x00000220       0x20 ../build/obj/openSrcLibs/source/stream_buffer.o
 .debug_aranges
                0x00000240       0x20 ../build/obj/openSrcLibs/source/tasks.o
 .debug_aranges
                0x00000260       0x18 ../build/obj/openSrcLibs/source/timers.o

.debug_macro    0x00000000    0x12d6a
 .debug_macro   0x00000000      0x174 ../build/obj/src/main.o
 .debug_macro   0x00000174      0xa60 ../build/obj/src/main.o
 .debug_macro   0x00000bd4       0x22 ../build/obj/src/main.o
 .debug_macro   0x00000bf6       0x22 ../build/obj/src/main.o
 .debug_macro   0x00000c18       0x8e ../build/obj/src/main.o
 .debug_macro   0x00000ca6       0x51 ../build/obj/src/main.o
 .debug_macro   0x00000cf7      0x103 ../build/obj/src/main.o
 .debug_macro   0x00000dfa       0x6a ../build/obj/src/main.o
 .debug_macro   0x00000e64      0x1df ../build/obj/src/main.o
 .debug_macro   0x00001043       0x1c ../build/obj/src/main.o
 .debug_macro   0x0000105f       0x22 ../build/obj/src/main.o
 .debug_macro   0x00001081       0xbd ../build/obj/src/main.o
 .debug_macro   0x0000113e      0xd23 ../build/obj/src/main.o
 .debug_macro   0x00001e61     0xde75 ../build/obj/src/main.o
 .debug_macro   0x0000fcd6       0x22 ../build/obj/src/main.o
 .debug_macro   0x0000fcf8      0x174 ../build/obj/src/main.o
 .debug_macro   0x0000fe6c       0xd0 ../build/obj/src/main.o
 .debug_macro   0x0000ff3c      0x15a ../build/obj/src/main.o
 .debug_macro   0x00010096       0xe3 ../build/obj/src/main.o
 .debug_macro   0x00010179       0x28 ../build/obj/src/main.o
 .debug_macro   0x000101a1       0x1f ../build/obj/src/main.o
 .debug_macro   0x000101c0       0x12 ../build/obj/src/main.o
 .debug_macro   0x000101d2      0x55e ../build/obj/src/main.o
 .debug_macro   0x00010730       0xc3 ../build/obj/src/main.o
 .debug_macro   0x000107f3      0x120 ../build/obj/src/main.o
 .debug_macro   0x00010913       0x70 ../build/obj/src/sas_adc.o
 .debug_macro   0x00010983       0xd8 ../build/obj/src/sas_can.o
 .debug_macro   0x00010a5b       0xc4 ../build/obj/src/sas_clock.o
 .debug_macro   0x00010b1f       0x70 ../build/obj/src/sas_dac.o
 .debug_macro   0x00010b8f       0xc4 ../build/obj/src/sas_flash.o
 .debug_macro   0x00010c53       0xc4 ../build/obj/src/sas_gpio.o
 .debug_macro   0x00010d17       0xec ../build/obj/src/sas_init.o
 .debug_macro   0x00010e03       0xf4 ../build/obj/src/sas_interrupt.o
 .debug_macro   0x00010ef7       0xf4 ../build/obj/src/sas_startup.o
 .debug_macro   0x00010feb       0x70 ../build/obj/src/sas_uart.o
 .debug_macro   0x0001105b       0xc4 ../build/obj/src/sas_wdg.o
 .debug_macro   0x0001111f       0xde ../build/obj/openSrcLibs/source/croutine.o
 .debug_macro   0x000111fd       0x49 ../build/obj/openSrcLibs/source/croutine.o
 .debug_macro   0x00011246      0x1d8 ../build/obj/openSrcLibs/source/event_groups.o
 .debug_macro   0x0001141e       0x18 ../build/obj/openSrcLibs/source/event_groups.o
 .debug_macro   0x00011436       0x5e ../build/obj/openSrcLibs/source/event_groups.o
 .debug_macro   0x00011494       0x94 ../build/obj/openSrcLibs/source/event_groups.o
 .debug_macro   0x00011528       0x35 ../build/obj/openSrcLibs/source/event_groups.o
 .debug_macro   0x0001155d       0x34 ../build/obj/openSrcLibs/source/event_groups.o
 .debug_macro   0x00011591       0x16 ../build/obj/openSrcLibs/source/event_groups.o
 .debug_macro   0x000115a7      0x10e ../build/obj/openSrcLibs/source/event_groups.o
 .debug_macro   0x000116b5       0x8d ../build/obj/openSrcLibs/source/event_groups.o
 .debug_macro   0x00011742       0x16 ../build/obj/openSrcLibs/source/event_groups.o
 .debug_macro   0x00011758       0x43 ../build/obj/openSrcLibs/source/event_groups.o
 .debug_macro   0x0001179b       0x57 ../build/obj/openSrcLibs/source/event_groups.o
 .debug_macro   0x000117f2       0x34 ../build/obj/openSrcLibs/source/event_groups.o
 .debug_macro   0x00011826       0x10 ../build/obj/openSrcLibs/source/event_groups.o
 .debug_macro   0x00011836       0x58 ../build/obj/openSrcLibs/source/event_groups.o
 .debug_macro   0x0001188e      0x182 ../build/obj/openSrcLibs/source/event_groups.o
 .debug_macro   0x00011a10      0x341 ../build/obj/openSrcLibs/source/event_groups.o
 .debug_macro   0x00011d51       0x16 ../build/obj/openSrcLibs/source/event_groups.o
 .debug_macro   0x00011d67       0x29 ../build/obj/openSrcLibs/source/event_groups.o
 .debug_macro   0x00011d90       0x91 ../build/obj/openSrcLibs/source/event_groups.o
 .debug_macro   0x00011e21      0x212 ../build/obj/openSrcLibs/source/heap_2.o
 .debug_macro   0x00012033       0x16 ../build/obj/openSrcLibs/source/heap_2.o
 .debug_macro   0x00012049       0x35 ../build/obj/openSrcLibs/source/heap_2.o
 .debug_macro   0x0001207e      0x189 ../build/obj/openSrcLibs/source/list.o
 .debug_macro   0x00012207      0x183 ../build/obj/openSrcLibs/source/port.o
 .debug_macro   0x0001238a      0x21b ../build/obj/openSrcLibs/source/queue.o
 .debug_macro   0x000125a5       0x80 ../build/obj/openSrcLibs/source/queue.o
 .debug_macro   0x00012625      0x1ee ../build/obj/openSrcLibs/source/stream_buffer.o
 .debug_macro   0x00012813       0x64 ../build/obj/openSrcLibs/source/stream_buffer.o
 .debug_macro   0x00012877       0x10 ../build/obj/openSrcLibs/source/stream_buffer.o
 .debug_macro   0x00012887       0x18 ../build/obj/openSrcLibs/source/stream_buffer.o
 .debug_macro   0x0001289f      0x26a ../build/obj/openSrcLibs/source/tasks.o
 .debug_macro   0x00012b09       0x16 ../build/obj/openSrcLibs/source/tasks.o
 .debug_macro   0x00012b1f      0x1b4 ../build/obj/openSrcLibs/source/timers.o
 .debug_macro   0x00012cd3       0x97 ../build/obj/openSrcLibs/source/timers.o

.debug_line     0x00000000     0x636a
 .debug_line    0x00000000      0x43a ../build/obj/src/main.o
 .debug_line    0x0000043a      0x1ff ../build/obj/src/sas_adc.o
 .debug_line    0x00000639      0x53f ../build/obj/src/sas_can.o
 .debug_line    0x00000b78      0x357 ../build/obj/src/sas_clock.o
 .debug_line    0x00000ecf      0x1ff ../build/obj/src/sas_dac.o
 .debug_line    0x000010ce      0x2e3 ../build/obj/src/sas_flash.o
 .debug_line    0x000013b1      0x445 ../build/obj/src/sas_gpio.o
 .debug_line    0x000017f6      0x2d2 ../build/obj/src/sas_init.o
 .debug_line    0x00001ac8      0x32c ../build/obj/src/sas_interrupt.o
 .debug_line    0x00001df4      0x2fb ../build/obj/src/sas_startup.o
 .debug_line    0x000020ef      0x200 ../build/obj/src/sas_uart.o
 .debug_line    0x000022ef      0x285 ../build/obj/src/sas_wdg.o
 .debug_line    0x00002574      0x2b1 ../build/obj/openSrcLibs/source/croutine.o
 .debug_line    0x00002825      0x5af ../build/obj/openSrcLibs/source/event_groups.o
 .debug_line    0x00002dd4      0x4d5 ../build/obj/openSrcLibs/source/heap_2.o
 .debug_line    0x000032a9      0x3f9 ../build/obj/openSrcLibs/source/list.o
 .debug_line    0x000036a2      0x3c2 ../build/obj/openSrcLibs/source/port.o
 .debug_line    0x00003a64      0xb3c ../build/obj/openSrcLibs/source/queue.o
 .debug_line    0x000045a0      0x800 ../build/obj/openSrcLibs/source/stream_buffer.o
 .debug_line    0x00004da0     0x1287 ../build/obj/openSrcLibs/source/tasks.o
 .debug_line    0x00006027      0x343 ../build/obj/openSrcLibs/source/timers.o

.debug_str      0x00000000    0x6061f
 .debug_str     0x00000000    0x57e42 ../build/obj/src/main.o
                              0x58118 (size before relaxing)
 .debug_str     0x00057e42       0x17 ../build/obj/src/sas_adc.o
                               0x3b93 (size before relaxing)
 .debug_str     0x00057e59      0x3c8 ../build/obj/src/sas_can.o
                              0x5315f (size before relaxing)
 .debug_str     0x00058221      0x15f ../build/obj/src/sas_clock.o
                              0x52d9c (size before relaxing)
 .debug_str     0x00058380       0x17 ../build/obj/src/sas_dac.o
                               0x3b93 (size before relaxing)
 .debug_str     0x00058397       0xc1 ../build/obj/src/sas_flash.o
                              0x52c8c (size before relaxing)
 .debug_str     0x00058458       0xbb ../build/obj/src/sas_gpio.o
                              0x52e0c (size before relaxing)
 .debug_str     0x00058513       0x20 ../build/obj/src/sas_init.o
                              0x52c1b (size before relaxing)
 .debug_str     0x00058533       0xc8 ../build/obj/src/sas_interrupt.o
                              0x52cb1 (size before relaxing)
 .debug_str     0x000585fb       0x9c ../build/obj/src/sas_startup.o
                              0x52c85 (size before relaxing)
 .debug_str     0x00058697       0x18 ../build/obj/src/sas_uart.o
                               0x3b94 (size before relaxing)
 .debug_str     0x000586af       0x31 ../build/obj/src/sas_wdg.o
                              0x52bfc (size before relaxing)
 .debug_str     0x000586e0      0x61f ../build/obj/openSrcLibs/source/croutine.o
                               0x9309 (size before relaxing)
 .debug_str     0x00058cff     0x3570 ../build/obj/openSrcLibs/source/event_groups.o
                               0xc2e0 (size before relaxing)
 .debug_str     0x0005c26f      0x66f ../build/obj/openSrcLibs/source/heap_2.o
                               0xbce3 (size before relaxing)
 .debug_str     0x0005c8de       0xa5 ../build/obj/openSrcLibs/source/list.o
                               0xa51f (size before relaxing)
 .debug_str     0x0005c983      0x6d5 ../build/obj/openSrcLibs/source/port.o
                               0x9441 (size before relaxing)
 .debug_str     0x0005d058     0x10f0 ../build/obj/openSrcLibs/source/queue.o
                               0xc90a (size before relaxing)
 .debug_str     0x0005e148      0xf9d ../build/obj/openSrcLibs/source/stream_buffer.o
                               0xc65a (size before relaxing)
 .debug_str     0x0005f0e5     0x1515 ../build/obj/openSrcLibs/source/tasks.o
                               0xd624 (size before relaxing)
 .debug_str     0x000605fa       0x25 ../build/obj/openSrcLibs/source/timers.o
                               0xc4fa (size before relaxing)

.comment        0x00000000       0x49
 .comment       0x00000000       0x49 ../build/obj/src/main.o
                                 0x4a (size before relaxing)
 .comment       0x00000049       0x4a ../build/obj/src/sas_adc.o
 .comment       0x00000049       0x4a ../build/obj/src/sas_can.o
 .comment       0x00000049       0x4a ../build/obj/src/sas_clock.o
 .comment       0x00000049       0x4a ../build/obj/src/sas_dac.o
 .comment       0x00000049       0x4a ../build/obj/src/sas_flash.o
 .comment       0x00000049       0x4a ../build/obj/src/sas_gpio.o
 .comment       0x00000049       0x4a ../build/obj/src/sas_init.o
 .comment       0x00000049       0x4a ../build/obj/src/sas_interrupt.o
 .comment       0x00000049       0x4a ../build/obj/src/sas_startup.o
 .comment       0x00000049       0x4a ../build/obj/src/sas_uart.o
 .comment       0x00000049       0x4a ../build/obj/src/sas_wdg.o
 .comment       0x00000049       0x4a ../build/obj/openSrcLibs/source/croutine.o
 .comment       0x00000049       0x4a ../build/obj/openSrcLibs/source/event_groups.o
 .comment       0x00000049       0x4a ../build/obj/openSrcLibs/source/heap_2.o
 .comment       0x00000049       0x4a ../build/obj/openSrcLibs/source/list.o
 .comment       0x00000049       0x4a ../build/obj/openSrcLibs/source/port.o
 .comment       0x00000049       0x4a ../build/obj/openSrcLibs/source/queue.o
 .comment       0x00000049       0x4a ../build/obj/openSrcLibs/source/stream_buffer.o
 .comment       0x00000049       0x4a ../build/obj/openSrcLibs/source/tasks.o
 .comment       0x00000049       0x4a ../build/obj/openSrcLibs/source/timers.o

.ARM.attributes
                0x00000000       0x2d
 .ARM.attributes
                0x00000000       0x2d ../build/obj/src/main.o
 .ARM.attributes
                0x0000002d       0x2d ../build/obj/src/sas_adc.o
 .ARM.attributes
                0x0000005a       0x2d ../build/obj/src/sas_can.o
 .ARM.attributes
                0x00000087       0x2d ../build/obj/src/sas_clock.o
 .ARM.attributes
                0x000000b4       0x2d ../build/obj/src/sas_dac.o
 .ARM.attributes
                0x000000e1       0x2d ../build/obj/src/sas_flash.o
 .ARM.attributes
                0x0000010e       0x2d ../build/obj/src/sas_gpio.o
 .ARM.attributes
                0x0000013b       0x2d ../build/obj/src/sas_init.o
 .ARM.attributes
                0x00000168       0x2d ../build/obj/src/sas_interrupt.o
 .ARM.attributes
                0x00000195       0x2d ../build/obj/src/sas_startup.o
 .ARM.attributes
                0x000001c2       0x2d ../build/obj/src/sas_uart.o
 .ARM.attributes
                0x000001ef       0x2d ../build/obj/src/sas_wdg.o
 .ARM.attributes
                0x0000021c       0x2d ../build/obj/openSrcLibs/source/croutine.o
 .ARM.attributes
                0x00000249       0x2d ../build/obj/openSrcLibs/source/event_groups.o
 .ARM.attributes
                0x00000276       0x2d ../build/obj/openSrcLibs/source/heap_2.o
 .ARM.attributes
                0x000002a3       0x2d ../build/obj/openSrcLibs/source/list.o
 .ARM.attributes
                0x000002d0       0x2d ../build/obj/openSrcLibs/source/port.o
 .ARM.attributes
                0x000002fd       0x2d ../build/obj/openSrcLibs/source/queue.o
 .ARM.attributes
                0x0000032a       0x2d ../build/obj/openSrcLibs/source/stream_buffer.o
 .ARM.attributes
                0x00000357       0x2d ../build/obj/openSrcLibs/source/tasks.o
 .ARM.attributes
                0x00000384       0x2d ../build/obj/openSrcLibs/source/timers.o

.debug_frame    0x00000000     0x1d20
 .debug_frame   0x00000000       0xe8 ../build/obj/src/main.o
 .debug_frame   0x000000e8      0x174 ../build/obj/src/sas_can.o
 .debug_frame   0x0000025c       0x7c ../build/obj/src/sas_clock.o
 .debug_frame   0x000002d8      0x190 ../build/obj/src/sas_flash.o
 .debug_frame   0x00000468      0x16c ../build/obj/src/sas_gpio.o
 .debug_frame   0x000005d4       0x2c ../build/obj/src/sas_init.o
 .debug_frame   0x00000600      0x100 ../build/obj/src/sas_interrupt.o
 .debug_frame   0x00000700       0x54 ../build/obj/src/sas_startup.o
 .debug_frame   0x00000754       0x50 ../build/obj/src/sas_wdg.o
 .debug_frame   0x000007a4      0x1d0 ../build/obj/openSrcLibs/source/event_groups.o
 .debug_frame   0x00000974       0xe4 ../build/obj/openSrcLibs/source/heap_2.o
 .debug_frame   0x00000a58       0xd8 ../build/obj/openSrcLibs/source/list.o
 .debug_frame   0x00000b30      0x160 ../build/obj/openSrcLibs/source/port.o
 .debug_frame   0x00000c90      0x490 ../build/obj/openSrcLibs/source/queue.o
 .debug_frame   0x00001120      0x3a0 ../build/obj/openSrcLibs/source/stream_buffer.o
 .debug_frame   0x000014c0      0x860 ../build/obj/openSrcLibs/source/tasks.o
