
Discarded input sections

 .group         0x00000000        0xc ../build/obj/src/main.o
 .group         0x00000000        0xc ../build/obj/src/main.o
 .group         0x00000000        0xc ../build/obj/src/main.o
 .group         0x00000000        0xc ../build/obj/src/main.o
 .group         0x00000000        0xc ../build/obj/src/main.o
 .group         0x00000000        0xc ../build/obj/src/main.o
 .group         0x00000000        0xc ../build/obj/src/main.o
 .group         0x00000000        0xc ../build/obj/src/main.o
 .group         0x00000000        0xc ../build/obj/src/main.o
 .group         0x00000000        0xc ../build/obj/src/main.o
 .group         0x00000000        0xc ../build/obj/src/main.o
 .group         0x00000000        0xc ../build/obj/src/main.o
 .group         0x00000000        0xc ../build/obj/src/main.o
 .group         0x00000000        0xc ../build/obj/src/main.o
 .group         0x00000000        0xc ../build/obj/src/main.o
 .group         0x00000000        0xc ../build/obj/src/main.o
 .group         0x00000000        0xc ../build/obj/src/main.o
 .group         0x00000000        0xc ../build/obj/src/main.o
 .group         0x00000000        0xc ../build/obj/src/main.o
 .group         0x00000000        0xc ../build/obj/src/main.o
 .group         0x00000000        0xc ../build/obj/src/main.o
 .group         0x00000000        0xc ../build/obj/src/main.o
 .group         0x00000000        0xc ../build/obj/src/main.o
 .group         0x00000000        0xc ../build/obj/src/main.o
 .group         0x00000000        0xc ../build/obj/src/main.o
 .group         0x00000000        0xc ../build/obj/src/main.o
 .group         0x00000000        0xc ../build/obj/src/mcp2515.o
 .group         0x00000000        0xc ../build/obj/src/mcp2515.o
 .group         0x00000000        0xc ../build/obj/src/mcp2515.o
 .group         0x00000000        0xc ../build/obj/src/mcp2515.o
 .group         0x00000000        0xc ../build/obj/src/mcp2515.o
 .group         0x00000000        0xc ../build/obj/src/mcp2515.o
 .group         0x00000000        0xc ../build/obj/src/mcp2515.o
 .group         0x00000000        0xc ../build/obj/src/mcp2515.o
 .group         0x00000000        0xc ../build/obj/src/mcp2515.o
 .group         0x00000000        0xc ../build/obj/src/mcp2515.o
 .group         0x00000000        0xc ../build/obj/src/mcp2515.o
 .group         0x00000000        0xc ../build/obj/src/mcp2515.o
 .group         0x00000000        0xc ../build/obj/src/mcp2515.o
 .group         0x00000000        0xc ../build/obj/src/mcp2515.o
 .group         0x00000000        0xc ../build/obj/src/mcp2515.o
 .debug_macro   0x00000000      0xa60 ../build/obj/src/mcp2515.o
 .debug_macro   0x00000000       0x22 ../build/obj/src/mcp2515.o
 .debug_macro   0x00000000       0x22 ../build/obj/src/mcp2515.o
 .debug_macro   0x00000000       0x8e ../build/obj/src/mcp2515.o
 .debug_macro   0x00000000       0x51 ../build/obj/src/mcp2515.o
 .debug_macro   0x00000000      0x103 ../build/obj/src/mcp2515.o
 .debug_macro   0x00000000       0x6a ../build/obj/src/mcp2515.o
 .debug_macro   0x00000000      0x1df ../build/obj/src/mcp2515.o
 .debug_macro   0x00000000       0x1c ../build/obj/src/mcp2515.o
 .debug_macro   0x00000000       0x22 ../build/obj/src/mcp2515.o
 .debug_macro   0x00000000       0xbd ../build/obj/src/mcp2515.o
 .debug_macro   0x00000000      0xd23 ../build/obj/src/mcp2515.o
 .debug_macro   0x00000000     0xde75 ../build/obj/src/mcp2515.o
 .debug_macro   0x00000000       0x22 ../build/obj/src/mcp2515.o
 .group         0x00000000        0xc ../build/obj/src/sas_adc.o
 .group         0x00000000        0xc ../build/obj/src/sas_adc.o
 .group         0x00000000        0xc ../build/obj/src/sas_adc.o
 .group         0x00000000        0xc ../build/obj/src/sas_adc.o
 .group         0x00000000        0xc ../build/obj/src/sas_adc.o
 .group         0x00000000        0xc ../build/obj/src/sas_adc.o
 .group         0x00000000        0xc ../build/obj/src/sas_adc.o
 .group         0x00000000        0xc ../build/obj/src/sas_adc.o
 .debug_macro   0x00000000      0xa60 ../build/obj/src/sas_adc.o
 .debug_macro   0x00000000       0x22 ../build/obj/src/sas_adc.o
 .debug_macro   0x00000000       0x8e ../build/obj/src/sas_adc.o
 .debug_macro   0x00000000       0x51 ../build/obj/src/sas_adc.o
 .debug_macro   0x00000000      0x103 ../build/obj/src/sas_adc.o
 .debug_macro   0x00000000       0x6a ../build/obj/src/sas_adc.o
 .debug_macro   0x00000000      0x1df ../build/obj/src/sas_adc.o
 .debug_macro   0x00000000       0x22 ../build/obj/src/sas_adc.o
 .group         0x00000000        0xc ../build/obj/src/sas_can.o
 .group         0x00000000        0xc ../build/obj/src/sas_can.o
 .group         0x00000000        0xc ../build/obj/src/sas_can.o
 .group         0x00000000        0xc ../build/obj/src/sas_can.o
 .group         0x00000000        0xc ../build/obj/src/sas_can.o
 .group         0x00000000        0xc ../build/obj/src/sas_can.o
[...]
Memory Configuration

Name             Origin             Length             Attributes
VECTAB           0x08000000         0x00000110         xr
FLASH            0x08000110         0x0000feef         xr
SRAM             0x20000000         0x00005000         xrw
*default*        0x00000000         0xffffffff

Linker script and memory map

LOAD ../build/obj/src/main.o
LOAD ../build/obj/src/mcp2515.o
LOAD ../build/obj/src/sas_adc.o
LOAD ../build/obj/src/sas_can.o
LOAD ../build/obj/src/sas_clock.o
LOAD ../build/obj/src/sas_dac.o
LOAD ../build/obj/src/sas_flash.o
LOAD ../build/obj/src/sas_gpio.o
LOAD ../build/obj/src/sas_init.o
LOAD ../build/obj/src/sas_interrupt.o
LOAD ../build/obj/src/sas_spi.o
LOAD ../build/obj/src/sas_startup.o
LOAD ../build/obj/src/sas_uart.o
LOAD ../build/obj/src/sas_wdg.o
LOAD ../build/obj/openSrcLibs/source/croutine.o
LOAD ../build/obj/openSrcLibs/source/event_groups.o
LOAD ../build/obj/openSrcLibs/source/heap_2.o
LOAD ../build/obj/openSrcLibs/source/list.o
LOAD ../build/obj/openSrcLibs/source/port.o
LOAD ../build/obj/openSrcLibs/source/queue.o
LOAD ../build/obj/openSrcLibs/source/stream_buffer.o
LOAD ../build/obj/openSrcLibs/source/tasks.o
LOAD ../build/obj/openSrcLibs/source/timers.o

.intvec         0x08000000      0x10c
                0x08000000                _intvec_start_ = .
 *(.intvec)
 .intvec        0x08000000      0x10c ../build/obj/src/sas_interrupt.o
                0x08000000                vectorTable
                0x0800010c                . = ALIGN (0x4)
                0x0800010c                _intvec_end_ = .

.text           0x08000110     0x6408
                0x08000110                _stext = .
 *(.text)
 .text          0x08000110      0x1ac ../build/obj/src/main.o
                0x08000110                JumpToApp
                0x08000150                memcpy
                0x08000192                memset
                0x080001cc                main
                0x08000258                BlinkLed
                0x0800029a                WaitTask
                0x080002a4                vApplicationStackOverflowHook
                0x080002b0                assert_failed
 .text          0x080002bc      0xc8c ../build/obj/src/mcp2515.o
                0x080002bc                delay
                0x080002e4                SPITransfer
                0x080002fa                millis
                0x08000308                startSPI
                0x08000314                endSPI
                0x08000320                reset
                0x0800045c                readRegister
                0x08000490                readRegisters
                0x080004e2                setRegister
                0x08000518                setRegisters
                0x08000568                modifyRegister
                0x080005a8                getStatus
                0x080005d0                setConfigMode
                0x080005e0                setListenOnlyMode
                0x080005f0                setSleepMode
                0x08000600                setLoopbackMode
                0x08000610                setNormalMode
                0x08000620                setMode
                0x0800068c                setBitrate
                0x08000a2a                setClkOut
                0x08000a88                prepareId
                0x08000b74                setFilterMask
                0x08000bd8                setFilter
                0x08000c6e                sendMessage
                0x08000ccc                readMsg
                0x08000ddc                readMessage
                0x08000e2a                checkReceive
                0x08000e52                checkError
                0x08000e7a                getErrorFlags
                0x08000e8a                clearRXnOVRFlags
                0x08000e9c                getInterrupts
                0x08000eac                clearInterrupts
                0x08000ebc                getInterruptMask
                0x08000ecc                clearTXInterrupts
                0x08000ede                clearRXnOVR
                0x08000f02                clearMERR
                0x08000f14                clearERRIF
                0x08000f26                errorCountRX
                0x08000f36                errorCountTX
 .text          0x08000f48        0x0 ../build/obj/src/sas_adc.o
 .text          0x08000f48      0x448 ../build/obj/src/sas_can.o
                0x08000f48                sas_setCANBaud
                0x08000fa4                sas_can_initMode
                0x08000fe8                sas_can_init
                0x08001052                sas_can_startStop
                0x080010d8                sas_set_can_mode
                0x08001106                sas_get_can_status
                0x0800111a                sas_can_fiter_conf
                0x080011a8                sas_canWrite
                0x0800123c                sas_canRead
 .text          0x08001390      0x134 ../build/obj/src/sas_clock.o
                0x08001390                sas_clock_init
                0x080013d0                sas_clock_set
                0x08001448                sas_peri_clock_enable
 .text          0x080014c4        0x0 ../build/obj/src/sas_dac.o
 .text          0x080014c4       0xa8 ../build/obj/src/sas_flash.o
                0x080014c4                erase_application
                0x080014d2                erase_page
                0x080014e0                erase_address
                0x080014ee                write_word
                0x080014fc                write_byte
                0x0800150a                write_address
                0x08001518                program_page
                0x08001526                program_application
                0x08001534                read_application
                0x08001542                read_address
                0x08001550                unlock_flash
                0x0800155e                lock_flash
 .text          0x0800156c      0x2f8 ../build/obj/src/sas_gpio.o
                0x0800156c                config_gpio_pin
                0x080015a8                read_pin
                0x080015e4                write_pin
                0x0800161c                sas_read_pin
                0x08001664                sas_write_pin
                0x080016b0                sas_read_port
                0x080016c8                sas_write_port
                0x080016e0                sas_configure_pin
                0x0800184c                sas_configure_port
 .text          0x08001864       0x34 ../build/obj/src/sas_init.o
                0x08001864                sysinit
 .text          0x08001898       0x2a ../build/obj/src/sas_interrupt.o
                0x08001898                RTC_Alarm_IRQHandler
                0x08001898                EXTI2_IRQHandler
                0x08001898                I2C1_ER_IRQHandler
                0x08001898                TIM1_CC_IRQHandler
                0x08001898                USART1_IRQHandler
                0x08001898                PVD_IRQHandler
                0x08001898                FLASH_IRQHandler
                0x08001898                EXTI3_IRQHandler
                0x08001898                EXTI0_IRQHandler
                0x08001898                CAN1_SCE_IRQHandler
                0x08001898                ADC1_2_IRQHandler
                0x08001898                SPI1_IRQHandler
                0x08001898                TAMPER_IRQHandler
                0x08001898                DMA1_Channel4_IRQHandler
                0x08001898                DefaultHandler
                0x08001898                RTC_IRQHandler
                0x08001898                DMA1_Channel7_IRQHandler
                0x08001898                CAN1_RX1_IRQHandler
                0x08001898                I2C1_EV_IRQHandler
                0x08001898                DMA1_Channel6_IRQHandler
                0x08001898                TIM3_IRQHandler
                0x08001898                RCC_IRQHandler
                0x08001898                TIM1_TRG_COM_IRQHandler
                0x08001898                DMA1_Channel1_IRQHandler
                0x08001898                EXTI15_10_IRQHandler
                0x08001898                EXTI9_5_IRQHandler
                0x08001898                DMA1_Channel2_IRQHandler
                0x08001898                DMA1_Channel5_IRQHandler
                0x08001898                EXTI4_IRQHandler
                0x08001898                USB_LP_CAN1_RX0_IRQHandler
                0x08001898                USB_HP_CAN1_TX_IRQHandler
                0x08001898                DMA1_Channel3_IRQHandler
                0x08001898                TIM1_UP_IRQHandler
                0x08001898                WWDG_IRQHandler
                0x08001898                TIM2_IRQHandler
                0x08001898                TIM1_BRK_IRQHandler
                0x08001898                EXTI1_IRQHandler
                0x08001898                USART2_IRQHandler
                0x08001898                USBWakeUp_IRQHandler
                0x0800189e                NMI_Handler
                0x080018a4                HardFault_Handler
                0x080018aa                MemManage_Handler
                0x080018b0                BusFault_Handler
                0x080018b6                UsageFault_Handler
                0x080018bc                DebugMon_Handler
 *fill*         0x080018c2        0x2 
 .text          0x080018c4       0xfc ../build/obj/src/sas_spi.o
                0x080018c4                sas_spiInit
                0x080018e4                sas_SpiEnable
                0x08001900                sas_SpiDisable
                0x0800191c                sas_spiTxRxByte
                0x08001968                spi_readByte
                0x08001994                spi_writeByte
 .text          0x080019c0       0x78 ../build/obj/src/sas_startup.o
                0x080019c0                Reset_Handler
                0x080019d0                initDataNbss
 .text          0x08001a38        0x0 ../build/obj/src/sas_uart.o
 .text          0x08001a38       0x1c ../build/obj/src/sas_wdg.o
                0x08001a38                sas_serv_wdg
                0x08001a46                sas_wdg_init
 .text          0x08001a54        0x0 ../build/obj/openSrcLibs/source/croutine.o
 .text          0x08001a54      0x484 ../build/obj/openSrcLibs/source/event_groups.o
                0x08001a54                xEventGroupCreate
                0x08001a82                xEventGroupSync
                0x08001b74                xEventGroupWaitBits
                0x08001c88                xEventGroupClearBits
                0x08001cbc                xEventGroupGetBitsFromISR
                0x08001d02                xEventGroupSetBits
                0x08001ddc                vEventGroupDelete
                0x08001e1c                vEventGroupSetBitsCallback
                0x08001e36                vEventGroupClearBitsCallback
                0x08001e92                uxEventGroupGetNumber
                0x08001ebc                vEventGroupSetNumber
 .text          0x08001ed8      0x2a4 ../build/obj/openSrcLibs/source/heap_2.o
                0x08001ed8                pvPortMalloc
                0x08002014                vPortFree
                0x080020ac                xPortGetFreeHeapSize
                0x080020c0                vPortInitialiseBlocks
                0x080020cc                pvPortCalloc
 .text          0x0800217c      0x15e ../build/obj/openSrcLibs/source/list.o
                0x0800217c                vListInitialise
                0x080021ba                vListInitialiseItem
                0x080021d2                vListInsertEnd
                0x08002218                vListInsert
                0x08002288                uxListRemove
 *fill*         0x080022da        0x6 
 .text          0x080022e0      0x250 ../build/obj/openSrcLibs/source/port.o
                0x080022e0                pxPortInitialiseStack
                0x0800236a                vPortSVCHandler
                0x080023b6                xPortStartScheduler
                0x080023f8                vPortEndScheduler
                0x08002404                vPortEnterCritical
                0x08002438                vPortExitCritical
                0x0800246c                xPortPendSVHandler
                0x080024b6                xPortSysTickHandler
                0x080024fc                vPortSetupTimerInterrupt
 .text          0x08002530      0xe78 ../build/obj/openSrcLibs/source/queue.o
                0x08002530                xQueueGenericReset
                0x08002618                xQueueGenericCreate
                0x08002710                xQueueCreateMutex
                0x08002740                xQueueGiveMutexRecursive
                0x0800278c                xQueueTakeMutexRecursive
                0x080027dc                xQueueCreateCountingSemaphore
                0x0800281a                xQueueGenericSend
                0x08002970                xQueueGenericSendFromISR
                0x08002a3a                xQueueGiveFromISR
                0x08002af2                xQueueReceive
                0x08002c38                xQueueSemaphoreTake
                0x08002dc8                xQueuePeek
                0x08002f10                xQueueReceiveFromISR
                0x08002fd2                xQueuePeekFromISR
                0x08003038                uxQueueMessagesWaiting
                0x08003058                uxQueueSpacesAvailable
                0x08003082                uxQueueMessagesWaitingFromISR
                0x080030a0                vQueueDelete
                0x080030ba                uxQueueGetQueueNumber
                0x080030d0                vQueueSetQueueNumber
                0x080030ea                ucQueueGetQueueType
                0x08003320                xQueueIsQueueEmptyFromISR
                0x0800337a                xQueueIsQueueFullFromISR
 .text          0x080033a8      0x958 ../build/obj/openSrcLibs/source/stream_buffer.o
                0x080033a8                xStreamBufferGenericCreate
                0x0800341c                vStreamBufferDelete
                0x0800344e                xStreamBufferReset
                0x080034bc                xStreamBufferSetTriggerLevel
                0x080034fa                xStreamBufferSpacesAvailable
                0x08003552                xStreamBufferBytesAvailable
                0x08003570                xStreamBufferSend
                0x08003696                xStreamBufferSendFromISR
                0x080037b6                xStreamBufferReceive
                0x08003890                xStreamBufferNextMessageLengthBytes
                0x080038e0                xStreamBufferReceiveFromISR
                0x08003a00                xStreamBufferIsEmpty
                0x08003a32                xStreamBufferIsFull
                0x08003a76                xStreamBufferSendCompletedFromISR
                0x08003ae4                xStreamBufferReceiveCompletedFromISR
                0x08003cb4                uxStreamBufferGetStreamBufferNumber
                0x08003cca                vStreamBufferSetStreamBufferNumber
                0x08003ce4                ucStreamBufferGetStreamBufferType
 .text          0x08003d00     0x26f8 ../build/obj/openSrcLibs/source/tasks.o
                0x08003d00                xTaskCreate
                0x08003f98                vTaskDelete
                0x080040a0                xTaskDelayUntil
                0x08004144                vTaskDelay
                0x0800418c                eTaskGetState
                0x08004254                uxTaskPriorityGet
                0x08004288                uxTaskPriorityGetFromISR
                0x080042e0                vTaskPrioritySet
                0x08004468                vTaskSuspend
                0x080045c8                vTaskResume
                0x080046b8                xTaskResumeFromISR
                0x080047d4                vTaskStartScheduler
                0x0800484c                vTaskEndScheduler
                0x0800487c                vTaskSuspendAll
                0x08004898                xTaskResumeAll
                0x08004a70                xTaskGetTickCount
                0x08004a8c                xTaskGetTickCountFromISR
                0x08004aac                uxTaskGetNumberOfTasks
                0x08004ac0                pcTaskGetName
                0x08004aec                uxTaskGetSystemState
                0x08004c08                xTaskCatchUpTicks
                0x08004c3c                xTaskIncrementTick
                0x08004e48                vTaskSwitchContext
                0x08004f20                vTaskPlaceOnEventList
                0x08004f4c                vTaskPlaceOnUnorderedEventList
                0x08004fbc                xTaskRemoveFromEventList
                0x0800514c                vTaskRemoveFromUnorderedEventList
                0x0800528c                vTaskSetTimeOutState
                0x080052bc                vTaskInternalSetTimeOutState
                0x080052e8                xTaskCheckForTimeOut
                0x0800537c                vTaskMissedYield
                0x08005394                uxTaskGetTaskNumber
                0x080053be                vTaskSetTaskNumber
                0x080054ec                vTaskGetInfo
                0x080056e8                xTaskGetCurrentTaskHandle
                0x08005704                xTaskPriorityInherit
                0x08005840                xTaskPriorityDisinherit
                0x08005944                vTaskPriorityDisinheritAfterTimeout
                0x08005a70                uxTaskResetEventItemValue
                0x08005aa0                pvTaskIncrementMutexHeldCount
                0x08005ac8                ulTaskGenericNotifyTake
                0x08005b84                xTaskGenericNotifyWait
                0x08005c70                xTaskGenericNotify
                0x08005e40                xTaskGenericNotifyFromISR
                0x08006088                vTaskGenericNotifyGiveFromISR
                0x08006240                xTaskGenericNotifyStateClear
                0x08006298                ulTaskGenericNotifyValueClear
 .text          0x080063f8        0x0 ../build/obj/openSrcLibs/source/timers.o
 *(.text*)
 *(.rodata)
 .rodata        0x080063f8       0x32 ../build/obj/src/main.o
 *fill*         0x0800642a        0x2 
 .rodata        0x0800642c       0x46 ../build/obj/src/mcp2515.o
                0x08006458                TXB
                0x08006464                RXB
 *fill*         0x08006472        0x2 
 .rodata        0x08006474       0x40 ../build/obj/src/sas_clock.o
                0x08006474                sas_clock_config
 .rodata        0x080064b4       0x2c ../build/obj/src/sas_interrupt.o
 .rodata        0x080064e0       0x2c ../build/obj/src/sas_startup.o
 .rodata        0x0800650c        0x2 ../build/obj/openSrcLibs/source/heap_2.o
 *fill*         0x0800650e        0x2 
 .rodata        0x08006510        0x5 ../build/obj/openSrcLibs/source/tasks.o
 *(.rodata*)
 *(.glue_7)
 .glue_7        0x08006515        0x0 linker stubs
 *(.glue_7t)
 .glue_7t       0x08006515        0x0 linker stubs
 *(.eh_frame)
 *(.init)
 *(.fini)
                0x08006518                . = ALIGN (0x4)
 *fill*         0x08006515        0x3 
                0x08006518                _etext = .

.vfp11_veneer   0x08006518        0x0
 .vfp11_veneer  0x08006518        0x0 linker stubs

.v4_bx          0x08006518        0x0
 .v4_bx         0x08006518        0x0 linker stubs

.iplt           0x08006518        0x0
 .iplt          0x08006518        0x0 ../build/obj/src/main.o

.rel.dyn        0x08006518        0x0
 .rel.iplt      0x08006518        0x0 ../build/obj/src/main.o

.data           0x20000000       0x10 load address 0x08006518
                0x20000000                _sdata_ram = .
 *(.data)
 .data          0x20000000        0x0 ../build/obj/src/main.o
 .data          0x20000000        0x3 ../build/obj/src/mcp2515.o
                0x20000000                txBuffers
 .data          0x20000003        0x0 ../build/obj/src/sas_adc.o
 .data          0x20000003        0x0 ../build/obj/src/sas_can.o
 .data          0x20000003        0x0 ../build/obj/src/sas_clock.o
 .data          0x20000003        0x0 ../build/obj/src/sas_dac.o
 .data          0x20000003        0x0 ../build/obj/src/sas_flash.o
 .data          0x20000003        0x0 ../build/obj/src/sas_gpio.o
 .data          0x20000003        0x0 ../build/obj/src/sas_init.o
 .data          0x20000003        0x0 ../build/obj/src/sas_interrupt.o
 .data          0x20000003        0x0 ../build/obj/src/sas_spi.o
 .data          0x20000003        0x0 ../build/obj/src/sas_startup.o
 .data          0x20000003        0x0 ../build/obj/src/sas_uart.o
 .data          0x20000003        0x0 ../build/obj/src/sas_wdg.o
 .data          0x20000003        0x0 ../build/obj/openSrcLibs/source/croutine.o
 .data          0x20000003        0x0 ../build/obj/openSrcLibs/source/event_groups.o
 *fill*         0x20000003        0x1 
 .data          0x20000004        0x4 ../build/obj/openSrcLibs/source/heap_2.o
 .data          0x20000008        0x0 ../build/obj/openSrcLibs/source/list.o
 .data          0x20000008        0x4 ../build/obj/openSrcLibs/source/port.o
 .data          0x2000000c        0x0 ../build/obj/openSrcLibs/source/queue.o
 .data          0x2000000c        0x0 ../build/obj/openSrcLibs/source/stream_buffer.o
 .data          0x2000000c        0x4 ../build/obj/openSrcLibs/source/tasks.o
                0x2000000c                uxTopUsedPriority
 .data          0x20000010        0x0 ../build/obj/openSrcLibs/source/timers.o
                0x20000010                . = ALIGN (0x4)
                0x20000010                _edata_ram = .

.BootAppFlags   0x20000010        0x4 load address 0x08006528
 .BootAppFlags  0x20000010        0x4 ../build/obj/src/main.o
                0x20000010                BootAppFlag

.igot.plt       0x20000014        0x0 load address 0x0800652c
 .igot.plt      0x20000014        0x0 ../build/obj/src/main.o

.bss            0x20000014     0x494c load address 0x0800652c
                0x20000014                _bss_start_ = .
 *(.bss)
 .bss           0x20000014       0x20 ../build/obj/src/main.o
                0x20000014                status
                0x20000018                counter
                0x2000001c                timeoutVar
                0x20000020                count
                0x20000022                pendingData
                0x20000024                validAppAvailble
                0x20000028                i
                0x2000002c                currstate
                0x20000030                BlinkTaskHandle
 .bss           0x20000034        0x0 ../build/obj/src/mcp2515.o
 .bss           0x20000034        0x0 ../build/obj/src/sas_adc.o
 .bss           0x20000034       0x10 ../build/obj/src/sas_can.o
                0x20000034                canRxFrame
 .bss           0x20000044        0x0 ../build/obj/src/sas_clock.o
 .bss           0x20000044        0x0 ../build/obj/src/sas_dac.o
 .bss           0x20000044        0x0 ../build/obj/src/sas_flash.o
 .bss           0x20000044        0x4 ../build/obj/src/sas_gpio.o
                0x20000044                gpio
 .bss           0x20000048        0x0 ../build/obj/src/sas_init.o
 .bss           0x20000048        0x0 ../build/obj/src/sas_interrupt.o
 .bss           0x20000048        0x0 ../build/obj/src/sas_spi.o
 .bss           0x20000048        0x0 ../build/obj/src/sas_startup.o
 .bss           0x20000048        0x0 ../build/obj/src/sas_uart.o
 .bss           0x20000048        0x0 ../build/obj/src/sas_wdg.o
 .bss           0x20000048        0x0 ../build/obj/openSrcLibs/source/croutine.o
 .bss           0x20000048        0x0 ../build/obj/openSrcLibs/source/event_groups.o
 .bss           0x20000048     0x4814 ../build/obj/openSrcLibs/source/heap_2.o
 .bss           0x2000485c        0x0 ../build/obj/openSrcLibs/source/list.o
 .bss           0x2000485c        0x0 ../build/obj/openSrcLibs/source/port.o
 .bss           0x2000485c        0x0 ../build/obj/openSrcLibs/source/queue.o
 .bss           0x2000485c        0x0 ../build/obj/openSrcLibs/source/stream_buffer.o
 .bss           0x2000485c      0x104 ../build/obj/openSrcLibs/source/tasks.o
                0x2000485c                pxCurrentTCB
 .bss           0x20004960        0x0 ../build/obj/openSrcLibs/source/timers.o
 *(.bss*)
 *(.common)
 *(.common*)
                0x20004960                . = ALIGN (0x4)
                0x20004960                _bss_end_ = .
OUTPUT(../build/bin/STM32F103C8_BASE.elf elf32-littlearm)
LOAD linker stubs

.debug_info     0x00000000     0x8d24
 .debug_info    0x00000000      0xa7c ../build/obj/src/main.o
 .debug_info    0x00000a7c     0x1324 ../build/obj/src/mcp2515.o
 .debug_info    0x00001da0       0x68 ../build/obj/src/sas_adc.o
 .debug_info    0x00001e08      0x8c1 ../build/obj/src/sas_can.o
 .debug_info    0x000026c9      0x2eb ../build/obj/src/sas_clock.o
 .debug_info    0x000029b4       0x68 ../build/obj/src/sas_dac.o
 .debug_info    0x00002a1c      0x1a5 ../build/obj/src/sas_flash.o
 .debug_info    0x00002bc1      0x53f ../build/obj/src/sas_gpio.o
 .debug_info    0x00003100       0xb3 ../build/obj/src/sas_init.o
 .debug_info    0x000031b3      0x418 ../build/obj/src/sas_interrupt.o
 .debug_info    0x000035cb      0x234 ../build/obj/src/sas_spi.o
 .debug_info    0x000037ff      0x429 ../build/obj/src/sas_startup.o
 .debug_info    0x00003c28       0x68 ../build/obj/src/sas_uart.o
 .debug_info    0x00003c90       0xc9 ../build/obj/src/sas_wdg.o
 .debug_info    0x00003d59       0x76 ../build/obj/openSrcLibs/source/croutine.o
 .debug_info    0x00003dcf      0x798 ../build/obj/openSrcLibs/source/event_groups.o
 .debug_info    0x00004567      0x35f ../build/obj/openSrcLibs/source/heap_2.o
 .debug_info    0x000048c6      0x2d1 ../build/obj/openSrcLibs/source/list.o
 .debug_info    0x00004b97      0x2e1 ../build/obj/openSrcLibs/source/port.o
 .debug_info    0x00004e78     0x1140 ../build/obj/openSrcLibs/source/queue.o
 .debug_info    0x00005fb8      0xe05 ../build/obj/openSrcLibs/source/stream_buffer.o
 .debug_info    0x00006dbd     0x1ef1 ../build/obj/openSrcLibs/source/tasks.o
 .debug_info    0x00008cae       0x76 ../build/obj/openSrcLibs/source/timers.o

.debug_abbrev   0x00000000     0x1d63
 .debug_abbrev  0x00000000      0x286 ../build/obj/src/main.o
 .debug_abbrev  0x00000286      0x353 ../build/obj/src/mcp2515.o
 .debug_abbrev  0x000005d9       0x29 ../build/obj/src/sas_adc.o
 .debug_abbrev  0x00000602      0x20d ../build/obj/src/sas_can.o
 .debug_abbrev  0x0000080f      0x154 ../build/obj/src/sas_clock.o
 .debug_abbrev  0x00000963       0x29 ../build/obj/src/sas_dac.o
 .debug_abbrev  0x0000098c       0x72 ../build/obj/src/sas_flash.o
 .debug_abbrev  0x000009fe      0x1cb ../build/obj/src/sas_gpio.o
 .debug_abbrev  0x00000bc9       0x74 ../build/obj/src/sas_init.o
 .debug_abbrev  0x00000c3d       0xb1 ../build/obj/src/sas_interrupt.o
 .debug_abbrev  0x00000cee      0x129 ../build/obj/src/sas_spi.o
 .debug_abbrev  0x00000e17       0xd1 ../build/obj/src/sas_startup.o
 .debug_abbrev  0x00000ee8       0x29 ../build/obj/src/sas_uart.o
 .debug_abbrev  0x00000f11       0x74 ../build/obj/src/sas_wdg.o
 .debug_abbrev  0x00000f85       0x29 ../build/obj/openSrcLibs/source/croutine.o
 .debug_abbrev  0x00000fae      0x1f1 ../build/obj/openSrcLibs/source/event_groups.o
 .debug_abbrev  0x0000119f      0x19c ../build/obj/openSrcLibs/source/heap_2.o
 .debug_abbrev  0x0000133b       0xf2 ../build/obj/openSrcLibs/source/list.o
 .debug_abbrev  0x0000142d      0x1e6 ../build/obj/openSrcLibs/source/port.o
 .debug_abbrev  0x00001613      0x22f ../build/obj/openSrcLibs/source/queue.o
 .debug_abbrev  0x00001842      0x221 ../build/obj/openSrcLibs/source/stream_buffer.o
 .debug_abbrev  0x00001a63      0x2d7 ../build/obj/openSrcLibs/source/tasks.o
 .debug_abbrev  0x00001d3a       0x29 ../build/obj/openSrcLibs/source/timers.o

.debug_aranges  0x00000000      0x2b8
 .debug_aranges
                0x00000000       0x20 ../build/obj/src/main.o
 .debug_aranges
                0x00000020       0x20 ../build/obj/src/mcp2515.o
 .debug_aranges
                0x00000040       0x18 ../build/obj/src/sas_adc.o
 .debug_aranges
                0x00000058       0x20 ../build/obj/src/sas_can.o
 .debug_aranges
                0x00000078       0x20 ../build/obj/src/sas_clock.o
 .debug_aranges
                0x00000098       0x18 ../build/obj/src/sas_dac.o
 .debug_aranges
                0x000000b0       0x20 ../build/obj/src/sas_flash.o
 .debug_aranges
                0x000000d0       0x20 ../build/obj/src/sas_gpio.o
 .debug_aranges
                0x000000f0       0x20 ../build/obj/src/sas_init.o
 .debug_aranges
                0x00000110       0x20 ../build/obj/src/sas_interrupt.o
 .debug_aranges
                0x00000130       0x20 ../build/obj/src/sas_spi.o
 .debug_aranges
                0x00000150       0x20 ../build/obj/src/sas_startup.o
 .debug_aranges
                0x00000170       0x18 ../build/obj/src/sas_uart.o
 .debug_aranges
                0x00000188       0x20 ../build/obj/src/sas_wdg.o
 .debug_aranges
                0x000001a8       0x18 ../build/obj/openSrcLibs/source/croutine.o
 .debug_aranges
                0x000001c0       0x20 ../build/obj/openSrcLibs/source/event_groups.o
 .debug_aranges
                0x000001e0       0x20 ../build/obj/openSrcLibs/source/heap_2.o
 .debug_aranges
                0x00000200       0x20 ../build/obj/openSrcLibs/source/list.o
 .debug_aranges
                0x00000220       0x20 ../build/obj/openSrcLibs/source/port.o
 .debug_aranges
                0x00000240       0x20 ../build/obj/openSrcLibs/source/queue.o
 .debug_aranges
                0x00000260       0x20 ../build/obj/openSrcLibs/source/stream_buffer.o
 .debug_aranges
                0x00000280       0x20 ../build/obj/openSrcLibs/source/tasks.o
 .debug_aranges
                0x000002a0       0x18 ../build/obj/openSrcLibs/source/timers.o

.debug_macro    0x00000000    0x13c72
 .debug_macro   0x00000000      0x1a0 ../build/obj/src/main.o
 .debug_macro   0x000001a0      0xa60 ../build/obj/src/main.o
 .debug_macro   0x00000c00       0x22 ../build/obj/src/main.o
 .debug_macro   0x00000c22       0x22 ../build/obj/src/main.o
 .debug_macro   0x00000c44       0x8e ../build/obj/src/main.o
 .debug_macro   0x00000cd2       0x51 ../build/obj/src/main.o
 .debug_macro   0x00000d23      0x103 ../build/obj/src/main.o
 .debug_macro   0x00000e26       0x6a ../build/obj/src/main.o
 .debug_macro   0x00000e90      0x1df ../build/obj/src/main.o
 .debug_macro   0x0000106f       0x1c ../build/obj/src/main.o
 .debug_macro   0x0000108b       0x22 ../build/obj/src/main.o
 .debug_macro   0x000010ad       0xbd ../build/obj/src/main.o
 .debug_macro   0x0000116a      0xd23 ../build/obj/src/main.o
 .debug_macro   0x00001e8d     0xde75 ../build/obj/src/main.o
 .debug_macro   0x0000fd02       0x22 ../build/obj/src/main.o
 .debug_macro   0x0000fd24      0x354 ../build/obj/src/main.o
 .debug_macro   0x00010078      0x174 ../build/obj/src/main.o
 .debug_macro   0x000101ec       0xe2 ../build/obj/src/main.o
 .debug_macro   0x000102ce      0x15a ../build/obj/src/main.o
 .debug_macro   0x00010428       0xe3 ../build/obj/src/main.o
 .debug_macro   0x0001050b       0x28 ../build/obj/src/main.o
 .debug_macro   0x00010533       0x1f ../build/obj/src/main.o
 .debug_macro   0x00010552       0x12 ../build/obj/src/main.o
 .debug_macro   0x00010564      0x550 ../build/obj/src/main.o
 .debug_macro   0x00010ab4       0xc3 ../build/obj/src/main.o
 .debug_macro   0x00010b77      0x120 ../build/obj/src/main.o
 .debug_macro   0x00010c97       0x80 ../build/obj/src/main.o
 .debug_macro   0x00010d17       0xdd ../build/obj/src/mcp2515.o
 .debug_macro   0x00010df4      0x34e ../build/obj/src/mcp2515.o
 .debug_macro   0x00011142       0x76 ../build/obj/src/sas_adc.o
 .debug_macro   0x000111b8       0xd8 ../build/obj/src/sas_can.o
 .debug_macro   0x00011290       0xc4 ../build/obj/src/sas_clock.o
 .debug_macro   0x00011354       0x76 ../build/obj/src/sas_dac.o
 .debug_macro   0x000113ca       0xc4 ../build/obj/src/sas_flash.o
 .debug_macro   0x0001148e       0xc4 ../build/obj/src/sas_gpio.o
 .debug_macro   0x00011552       0xec ../build/obj/src/sas_init.o
 .debug_macro   0x0001163e      0x11c ../build/obj/src/sas_interrupt.o
 .debug_macro   0x0001175a       0xd2 ../build/obj/src/sas_spi.o
 .debug_macro   0x0001182c      0x113 ../build/obj/src/sas_startup.o
 .debug_macro   0x0001193f       0x76 ../build/obj/src/sas_uart.o
 .debug_macro   0x000119b5       0xc4 ../build/obj/src/sas_wdg.o
 .debug_macro   0x00011a79       0xde ../build/obj/openSrcLibs/source/croutine.o
 .debug_macro   0x00011b57       0xd0 ../build/obj/openSrcLibs/source/croutine.o
 .debug_macro   0x00011c27      0x55e ../build/obj/openSrcLibs/source/croutine.o
 .debug_macro   0x00012185       0x49 ../build/obj/openSrcLibs/source/croutine.o
 .debug_macro   0x000121ce      0x1d8 ../build/obj/openSrcLibs/source/event_groups.o
 .debug_macro   0x000123a6       0x18 ../build/obj/openSrcLibs/source/event_groups.o
 .debug_macro   0x000123be       0x5e ../build/obj/openSrcLibs/source/event_groups.o
 .debug_macro   0x0001241c       0x94 ../build/obj/openSrcLibs/source/event_groups.o
 .debug_macro   0x000124b0       0x35 ../build/obj/openSrcLibs/source/event_groups.o
 .debug_macro   0x000124e5       0x34 ../build/obj/openSrcLibs/source/event_groups.o
 .debug_macro   0x00012519       0x16 ../build/obj/openSrcLibs/source/event_groups.o
 .debug_macro   0x0001252f      0x10e ../build/obj/openSrcLibs/source/event_groups.o
 .debug_macro   0x0001263d       0x8d ../build/obj/openSrcLibs/source/event_groups.o
 .debug_macro   0x000126ca       0x16 ../build/obj/openSrcLibs/source/event_groups.o
 .debug_macro   0x000126e0       0x43 ../build/obj/openSrcLibs/source/event_groups.o
 .debug_macro   0x00012723       0x57 ../build/obj/openSrcLibs/source/event_groups.o
 .debug_macro   0x0001277a       0x34 ../build/obj/openSrcLibs/source/event_groups.o
 .debug_macro   0x000127ae       0x10 ../build/obj/openSrcLibs/source/event_groups.o
 .debug_macro   0x000127be       0x58 ../build/obj/openSrcLibs/source/event_groups.o
 .debug_macro   0x00012816      0x182 ../build/obj/openSrcLibs/source/event_groups.o
 .debug_macro   0x00012998      0x341 ../build/obj/openSrcLibs/source/event_groups.o
 .debug_macro   0x00012cd9       0x16 ../build/obj/openSrcLibs/source/event_groups.o
 .debug_macro   0x00012cef       0x29 ../build/obj/openSrcLibs/source/event_groups.o
 .debug_macro   0x00012d18       0x91 ../build/obj/openSrcLibs/source/event_groups.o
 .debug_macro   0x00012da9      0x212 ../build/obj/openSrcLibs/source/heap_2.o
 .debug_macro   0x00012fbb       0x16 ../build/obj/openSrcLibs/source/heap_2.o
 .debug_macro   0x00012fd1       0x35 ../build/obj/openSrcLibs/source/heap_2.o
 .debug_macro   0x00013006      0x189 ../build/obj/openSrcLibs/source/list.o
 .debug_macro   0x0001318f      0x183 ../build/obj/openSrcLibs/source/port.o
 .debug_macro   0x00013312      0x21b ../build/obj/openSrcLibs/source/queue.o
 .debug_macro   0x0001352d      0x1ee ../build/obj/openSrcLibs/source/stream_buffer.o
 .debug_macro   0x0001371b       0x64 ../build/obj/openSrcLibs/source/stream_buffer.o
 .debug_macro   0x0001377f       0x10 ../build/obj/openSrcLibs/source/stream_buffer.o
 .debug_macro   0x0001378f       0x18 ../build/obj/openSrcLibs/source/stream_buffer.o
 .debug_macro   0x000137a7      0x26a ../build/obj/openSrcLibs/source/tasks.o
 .debug_macro   0x00013a11       0x16 ../build/obj/openSrcLibs/source/tasks.o
 .debug_macro   0x00013a27      0x1b4 ../build/obj/openSrcLibs/source/timers.o
 .debug_macro   0x00013bdb       0x97 ../build/obj/openSrcLibs/source/timers.o

.debug_line     0x00000000     0x7032
 .debug_line    0x00000000      0x479 ../build/obj/src/main.o
 .debug_line    0x00000479      0x7ef ../build/obj/src/mcp2515.o
 .debug_line    0x00000c68      0x217 ../build/obj/src/sas_adc.o
 .debug_line    0x00000e7f      0x557 ../build/obj/src/sas_can.o
 .debug_line    0x000013d6      0x37e ../build/obj/src/sas_clock.o
 .debug_line    0x00001754      0x217 ../build/obj/src/sas_dac.o
 .debug_line    0x0000196b      0x2fb ../build/obj/src/sas_flash.o
 .debug_line    0x00001c66      0x45d ../build/obj/src/sas_gpio.o
 .debug_line    0x000020c3      0x2ea ../build/obj/src/sas_init.o
 .debug_line    0x000023ad      0x371 ../build/obj/src/sas_interrupt.o
 .debug_line    0x0000271e      0x33c ../build/obj/src/sas_spi.o
 .debug_line    0x00002a5a      0x32d ../build/obj/src/sas_startup.o
 .debug_line    0x00002d87      0x218 ../build/obj/src/sas_uart.o
 .debug_line    0x00002f9f      0x29d ../build/obj/src/sas_wdg.o
 .debug_line    0x0000323c      0x2b1 ../build/obj/openSrcLibs/source/croutine.o
 .debug_line    0x000034ed      0x5af ../build/obj/openSrcLibs/source/event_groups.o
 .debug_line    0x00003a9c      0x4d5 ../build/obj/openSrcLibs/source/heap_2.o
 .debug_line    0x00003f71      0x3f9 ../build/obj/openSrcLibs/source/list.o
 .debug_line    0x0000436a      0x3c2 ../build/obj/openSrcLibs/source/port.o
 .debug_line    0x0000472c      0xb3c ../build/obj/openSrcLibs/source/queue.o
 .debug_line    0x00005268      0x800 ../build/obj/openSrcLibs/source/stream_buffer.o
 .debug_line    0x00005a68     0x1287 ../build/obj/openSrcLibs/source/tasks.o
 .debug_line    0x00006cef      0x343 ../build/obj/openSrcLibs/source/timers.o

.debug_str      0x00000000    0x6240a
 .debug_str     0x00000000    0x59714 ../build/obj/src/main.o
                              0x599fb (size before relaxing)
 .debug_str     0x00059714      0xb1b ../build/obj/src/mcp2515.o
                              0x54817 (size before relaxing)
 .debug_str     0x0005a22f       0x1f ../build/obj/src/sas_adc.o
                               0x3ba1 (size before relaxing)
 .debug_str     0x0005a24e      0x3b8 ../build/obj/src/sas_can.o
                              0x53170 (size before relaxing)
 .debug_str     0x0005a606      0x15a ../build/obj/src/sas_clock.o
                              0x52dad (size before relaxing)
 .debug_str     0x0005a760       0x17 ../build/obj/src/sas_dac.o
                               0x3ba1 (size before relaxing)
 .debug_str     0x0005a777       0xc1 ../build/obj/src/sas_flash.o
                              0x52c92 (size before relaxing)
 .debug_str     0x0005a838       0xbb ../build/obj/src/sas_gpio.o
                              0x52e12 (size before relaxing)
 .debug_str     0x0005a8f3       0x20 ../build/obj/src/sas_init.o
                              0x52c21 (size before relaxing)
 .debug_str     0x0005a913       0xa8 ../build/obj/src/sas_interrupt.o
                              0x54210 (size before relaxing)
 .debug_str     0x0005a9bb       0xa1 ../build/obj/src/sas_spi.o
                              0x52ced (size before relaxing)
 .debug_str     0x0005aa5c       0x9c ../build/obj/src/sas_startup.o
                              0x53d8d (size before relaxing)
 .debug_str     0x0005aaf8       0x18 ../build/obj/src/sas_uart.o
                               0x3ba2 (size before relaxing)
 .debug_str     0x0005ab10       0x31 ../build/obj/src/sas_wdg.o
                              0x52c02 (size before relaxing)
 .debug_str     0x0005ab41      0x6d2 ../build/obj/openSrcLibs/source/croutine.o
                               0x9309 (size before relaxing)
 .debug_str     0x0005b213     0x3564 ../build/obj/openSrcLibs/source/event_groups.o
                               0xc2e0 (size before relaxing)
 .debug_str     0x0005e777      0x66f ../build/obj/openSrcLibs/source/heap_2.o
                               0xbce3 (size before relaxing)
 .debug_str     0x0005ede6       0xa5 ../build/obj/openSrcLibs/source/list.o
                               0xa51f (size before relaxing)
 .debug_str     0x0005ee8b      0x6d5 ../build/obj/openSrcLibs/source/port.o
                               0x9441 (size before relaxing)
 .debug_str     0x0005f560      0x9d3 ../build/obj/openSrcLibs/source/queue.o
                               0xc90a (size before relaxing)
 .debug_str     0x0005ff33      0xf9d ../build/obj/openSrcLibs/source/stream_buffer.o
                               0xc65a (size before relaxing)
 .debug_str     0x00060ed0     0x1515 ../build/obj/openSrcLibs/source/tasks.o
                               0xd624 (size before relaxing)
 .debug_str     0x000623e5       0x25 ../build/obj/openSrcLibs/source/timers.o
                               0xc4fa (size before relaxing)

.comment        0x00000000       0x49
 .comment       0x00000000       0x49 ../build/obj/src/main.o
                                 0x4a (size before relaxing)
 .comment       0x00000049       0x4a ../build/obj/src/mcp2515.o
 .comment       0x00000049       0x4a ../build/obj/src/sas_adc.o
 .comment       0x00000049       0x4a ../build/obj/src/sas_can.o
 .comment       0x00000049       0x4a ../build/obj/src/sas_clock.o
 .comment       0x00000049       0x4a ../build/obj/src/sas_dac.o
 .comment       0x00000049       0x4a ../build/obj/src/sas_flash.o
 .comment       0x00000049       0x4a ../build/obj/src/sas_gpio.o
 .comment       0x00000049       0x4a ../build/obj/src/sas_init.o
 .comment       0x00000049       0x4a ../build/obj/src/sas_interrupt.o
 .comment       0x00000049       0x4a ../build/obj/src/sas_spi.o
 .comment       0x00000049       0x4a ../build/obj/src/sas_startup.o
 .comment       0x00000049       0x4a ../build/obj/src/sas_uart.o
 .comment       0x00000049       0x4a ../build/obj/src/sas_wdg.o
 .comment       0x00000049       0x4a ../build/obj/openSrcLibs/source/croutine.o
 .comment       0x00000049       0x4a ../build/obj/openSrcLibs/source/event_groups.o
 .comment       0x00000049       0x4a ../build/obj/openSrcLibs/source/heap_2.o
 .comment       0x00000049       0x4a ../build/obj/openSrcLibs/source/list.o
 .comment       0x00000049       0x4a ../build/obj/openSrcLibs/source/port.o
 .comment       0x00000049       0x4a ../build/obj/openSrcLibs/source/queue.o
 .comment       0x00000049       0x4a ../build/obj/openSrcLibs/source/stream_buffer.o
 .comment       0x00000049       0x4a ../build/obj/openSrcLibs/source/tasks.o
 .comment       0x00000049       0x4a ../build/obj/openSrcLibs/source/timers.o

.ARM.attributes
                0x00000000       0x2d
 .ARM.attributes
                0x00000000       0x2d ../build/obj/src/main.o
 .ARM.attributes
                0x0000002d       0x2d ../build/obj/src/mcp2515.o
 .ARM.attributes
                0x0000005a       0x2d ../build/obj/src/sas_adc.o
 .ARM.attributes
                0x00000087       0x2d ../build/obj/src/sas_can.o
 .ARM.attributes
                0x000000b4       0x2d ../build/obj/src/sas_clock.o
 .ARM.attributes
                0x000000e1       0x2d ../build/obj/src/sas_dac.o
 .ARM.attributes
                0x0000010e       0x2d ../build/obj/src/sas_flash.o
 .ARM.attributes
                0x0000013b       0x2d ../build/obj/src/sas_gpio.o
 .ARM.attributes
                0x00000168       0x2d ../build/obj/src/sas_init.o
 .ARM.attributes
                0x00000195       0x2d ../build/obj/src/sas_interrupt.o
 .ARM.attributes
                0x000001c2       0x2d ../build/obj/src/sas_spi.o
 .ARM.attributes
                0x000001ef       0x2d ../build/obj/src/sas_startup.o
 .ARM.attributes
                0x0000021c       0x2d ../build/obj/src/sas_uart.o
 .ARM.attributes
                0x00000249       0x2d ../build/obj/src/sas_wdg.o
 .ARM.attributes
                0x00000276       0x2d ../build/obj/openSrcLibs/source/croutine.o
 .ARM.attributes
                0x000002a3       0x2d ../build/obj/openSrcLibs/source/event_groups.o
 .ARM.attributes
                0x000002d0       0x2d ../build/obj/openSrcLibs/source/heap_2.o
 .ARM.attributes
                0x000002fd       0x2d ../build/obj/openSrcLibs/source/list.o
 .ARM.attributes
                0x0000032a       0x2d ../build/obj/openSrcLibs/source/port.o
 .ARM.attributes
                0x00000357       0x2d ../build/obj/openSrcLibs/source/queue.o
 .ARM.attributes
                0x00000384       0x2d ../build/obj/openSrcLibs/source/stream_buffer.o
 .ARM.attributes
                0x000003b1       0x2d ../build/obj/openSrcLibs/source/tasks.o
 .ARM.attributes
                0x000003de       0x2d ../build/obj/openSrcLibs/source/timers.o

.debug_frame    0x00000000     0x22f4
 .debug_frame   0x00000000      0x118 ../build/obj/src/main.o
 .debug_frame   0x00000118      0x514 ../build/obj/src/mcp2515.o
 .debug_frame   0x0000062c      0x174 ../build/obj/src/sas_can.o
 .debug_frame   0x000007a0       0x7c ../build/obj/src/sas_clock.o
 .debug_frame   0x0000081c      0x190 ../build/obj/src/sas_flash.o
 .debug_frame   0x000009ac      0x16c ../build/obj/src/sas_gpio.o
 .debug_frame   0x00000b18       0x2c ../build/obj/src/sas_init.o
 .debug_frame   0x00000b44       0xb8 ../build/obj/src/sas_interrupt.o
 .debug_frame   0x00000bfc       0xd8 ../build/obj/src/sas_spi.o
 .debug_frame   0x00000cd4       0x54 ../build/obj/src/sas_startup.o
 .debug_frame   0x00000d28       0x50 ../build/obj/src/sas_wdg.o
 .debug_frame   0x00000d78      0x1d0 ../build/obj/openSrcLibs/source/event_groups.o
 .debug_frame   0x00000f48       0xe4 ../build/obj/openSrcLibs/source/heap_2.o
 .debug_frame   0x0000102c       0xd8 ../build/obj/openSrcLibs/source/list.o
 .debug_frame   0x00001104      0x160 ../build/obj/openSrcLibs/source/port.o
 .debug_frame   0x00001264      0x490 ../build/obj/openSrcLibs/source/queue.o
 .debug_frame   0x000016f4      0x3a0 ../build/obj/openSrcLibs/source/stream_buffer.o
 .debug_frame   0x00001a94      0x860 ../build/obj/openSrcLibs/source/tasks.o

.debug_ranges   0x00000000       0x18
 .debug_ranges  0x00000000       0x18 ../build/obj/src/mcp2515.o
