
Discarded input sections

 .group         0x00000000        0xc ../build/obj/src/main.o
 .group         0x00000000        0xc ../build/obj/src/main.o
 .group         0x00000000        0xc ../build/obj/src/main.o
 .group         0x00000000        0xc ../build/obj/src/main.o
 .group         0x00000000        0xc ../build/obj/src/main.o
 .group         0x00000000        0xc ../build/obj/src/main.o
 .group         0x00000000        0xc ../build/obj/src/main.o
 .group         0x00000000        0xc ../build/obj/src/main.o
 .group         0x00000000        0xc ../build/obj/src/main.o
 .group         0x00000000        0xc ../build/obj/src/main.o
 .group         0x00000000        0xc ../build/obj/src/main.o
 .group         0x00000000        0xc ../build/obj/src/main.o
 .group         0x00000000        0xc ../build/obj/src/main.o
 .group         0x00000000        0xc ../build/obj/src/main.o
 .group         0x00000000        0xc ../build/obj/src/sas_adc.o
 .group         0x00000000        0xc ../build/obj/src/sas_adc.o
 .group         0x00000000        0xc ../build/obj/src/sas_adc.o
 .group         0x00000000        0xc ../build/obj/src/sas_adc.o
 .group         0x00000000        0xc ../build/obj/src/sas_adc.o
 .group         0x00000000        0xc ../build/obj/src/sas_adc.o
 .group         0x00000000        0xc ../build/obj/src/sas_adc.o
 .group         0x00000000        0xc ../build/obj/src/sas_adc.o
 .debug_macro   0x00000000      0xa60 ../build/obj/src/sas_adc.o
 .debug_macro   0x00000000       0x22 ../build/obj/src/sas_adc.o
 .debug_macro   0x00000000       0x8e ../build/obj/src/sas_adc.o
 .debug_macro   0x00000000       0x51 ../build/obj/src/sas_adc.o
 .debug_macro   0x00000000      0x103 ../build/obj/src/sas_adc.o
 .debug_macro   0x00000000       0x6a ../build/obj/src/sas_adc.o
 .debug_macro   0x00000000      0x1df ../build/obj/src/sas_adc.o
 .debug_macro   0x00000000       0x22 ../build/obj/src/sas_adc.o
 .group         0x00000000        0xc ../build/obj/src/sas_can.o
 .group         0x00000000        0xc ../build/obj/src/sas_can.o
 .group         0x00000000        0xc ../build/obj/src/sas_can.o
 .group         0x00000000        0xc ../build/obj/src/sas_can.o
 .group         0x00000000        0xc ../build/obj/src/sas_can.o
 .group         0x00000000        0xc ../build/obj/src/sas_can.o
 .group         0x00000000        0xc ../build/obj/src/sas_can.o
 .group         0x00000000        0xc ../build/obj/src/sas_can.o
 .group         0x00000000        0xc ../build/obj/src/sas_can.o
 .group         0x00000000        0xc ../build/obj/src/sas_can.o
 .group         0x00000000        0xc ../build/obj/src/sas_can.o
 .group         0x00000000        0xc ../build/obj/src/sas_can.o
 .group         0x00000000        0xc ../build/obj/src/sas_can.o
 .group         0x00000000        0xc ../build/obj/src/sas_can.o
 .debug_macro   0x00000000      0xa60 ../build/obj/src/sas_can.o
 .debug_macro   0x00000000       0x22 ../build/obj/src/sas_can.o
 .debug_macro   0x00000000       0x22 ../build/obj/src/sas_can.o
 .debug_macro   0x00000000       0x8e ../build/obj/src/sas_can.o
 .debug_macro   0x00000000       0x51 ../build/obj/src/sas_can.o
 .debug_macro   0x00000000      0x103 ../build/obj/src/sas_can.o
 .debug_macro   0x00000000       0x6a ../build/obj/src/sas_can.o
 .debug_macro   0x00000000      0x1df ../build/obj/src/sas_can.o
 .debug_macro   0x00000000       0x1c ../build/obj/src/sas_can.o
 .debug_macro   0x00000000       0x22 ../build/obj/src/sas_can.o
 .debug_macro   0x00000000       0xbd ../build/obj/src/sas_can.o
 .debug_macro   0x00000000      0xd23 ../build/obj/src/sas_can.o
 .debug_macro   0x00000000     0xde75 ../build/obj/src/sas_can.o
 .debug_macro   0x00000000       0x22 ../build/obj/src/sas_can.o
 .group         0x00000000        0xc ../build/obj/src/sas_clock.o
 .group         0x00000000        0xc ../build/obj/src/sas_clock.o
 .group         0x00000000        0xc ../build/obj/src/sas_clock.o
 .group         0x00000000        0xc ../build/obj/src/sas_clock.o
 .group         0x00000000        0xc ../build/obj/src/sas_clock.o
 .group         0x00000000        0xc ../build/obj/src/sas_clock.o
 .group         0x00000000        0xc ../build/obj/src/sas_clock.o
 .group         0x00000000        0xc ../build/obj/src/sas_clock.o
 .group         0x00000000        0xc ../build/obj/src/sas_clock.o
 .group         0x00000000        0xc ../build/obj/src/sas_clock.o
 .group         0x00000000        0xc ../build/obj/src/sas_clock.o
 .group         0x00000000        0xc ../build/obj/src/sas_clock.o
 .group         0x00000000        0xc ../build/obj/src/sas_clock.o
 .group         0x00000000        0xc ../build/obj/src/sas_clock.o
 .debug_macro   0x00000000      0xa60 ../build/obj/src/sas_clock.o
 .debug_macro   0x00000000       0x22 ../build/obj/src/sas_clock.o
 .debug_macro   0x00000000       0x22 ../build/obj/src/sas_clock.o
 .debug_macro   0x00000000       0x8e ../build/obj/src/sas_clock.o
 .debug_macro   0x00000000       0x51 ../build/obj/src/sas_clock.o
 .debug_macro   0x00000000      0x103 ../build/obj/src/sas_clock.o
 .debug_macro   0x00000000       0x6a ../build/obj/src/sas_clock.o
 .debug_macro   0x00000000      0x1df ../build/obj/src/sas_clock.o
 .debug_macro   0x00000000       0x1c ../build/obj/src/sas_clock.o
 .debug_macro   0x00000000       0x22 ../build/obj/src/sas_clock.o
 .debug_macro   0x00000000       0xbd ../build/obj/src/sas_clock.o
 .debug_macro   0x00000000      0xd23 ../build/obj/src/sas_clock.o
 .debug_macro   0x00000000     0xde75 ../build/obj/src/sas_clock.o
 .debug_macro   0x00000000       0x22 ../build/obj/src/sas_clock.o
 .group         0x00000000        0xc ../build/obj/src/sas_dac.o
 .group         0x00000000        0xc ../build/obj/src/sas_dac.o
 .group         0x00000000        0xc ../build/obj/src/sas_dac.o
 .group         0x00000000        0xc ../build/obj/src/sas_dac.o
 .group         0x00000000        0xc ../build/obj/src/sas_dac.o
 .group         0x00000000        0xc ../build/obj/src/sas_dac.o
 .group         0x00000000        0xc ../build/obj/src/sas_dac.o
 .group         0x00000000        0xc ../build/obj/src/sas_dac.o
 .debug_macro   0x00000000      0xa60 ../build/obj/src/sas_dac.o
 .debug_macro   0x00000000       0x22 ../build/obj/src/sas_dac.o
 .debug_macro   0x00000000       0x8e ../build/obj/src/sas_dac.o
 .debug_macro   0x00000000       0x51 ../build/obj/src/sas_dac.o
 .debug_macro   0x00000000      0x103 ../build/obj/src/sas_dac.o
 .debug_macro   0x00000000       0x6a ../build/obj/src/sas_dac.o
 .debug_macro   0x00000000      0x1df ../build/obj/src/sas_dac.o
 .debug_macro   0x00000000       0x22 ../build/obj/src/sas_dac.o
 .group         0x00000000        0xc ../build/obj/src/sas_gpio.o
 .group         0x00000000        0xc ../build/obj/src/sas_gpio.o
 .group         0x00000000        0xc ../build/obj/src/sas_gpio.o
 .group         0x00000000        0xc ../build/obj/src/sas_gpio.o
 .group         0x00000000        0xc ../build/obj/src/sas_gpio.o
 .group         0x00000000        0xc ../build/obj/src/sas_gpio.o
 .group         0x00000000        0xc ../build/obj/src/sas_gpio.o
 .group         0x00000000        0xc ../build/obj/src/sas_gpio.o
 .group         0x00000000        0xc ../build/obj/src/sas_gpio.o
 .group         0x00000000        0xc ../build/obj/src/sas_gpio.o
 .group         0x00000000        0xc ../build/obj/src/sas_gpio.o
 .group         0x00000000        0xc ../build/obj/src/sas_gpio.o
 .group         0x00000000        0xc ../build/obj/src/sas_gpio.o
 .group         0x00000000        0xc ../build/obj/src/sas_gpio.o
 .debug_macro   0x00000000      0xa60 ../build/obj/src/sas_gpio.o
 .debug_macro   0x00000000       0x22 ../build/obj/src/sas_gpio.o
 .debug_macro   0x00000000       0x22 ../build/obj/src/sas_gpio.o
 .debug_macro   0x00000000       0x8e ../build/obj/src/sas_gpio.o
 .debug_macro   0x00000000       0x51 ../build/obj/src/sas_gpio.o
 .debug_macro   0x00000000      0x103 ../build/obj/src/sas_gpio.o
 .debug_macro   0x00000000       0x6a ../build/obj/src/sas_gpio.o
 .debug_macro   0x00000000      0x1df ../build/obj/src/sas_gpio.o
 .debug_macro   0x00000000       0x1c ../build/obj/src/sas_gpio.o
 .debug_macro   0x00000000       0x22 ../build/obj/src/sas_gpio.o
 .debug_macro   0x00000000       0xbd ../build/obj/src/sas_gpio.o
 .debug_macro   0x00000000      0xd23 ../build/obj/src/sas_gpio.o
 .debug_macro   0x00000000     0xde75 ../build/obj/src/sas_gpio.o
 .debug_macro   0x00000000       0x22 ../build/obj/src/sas_gpio.o
 .group         0x00000000        0xc ../build/obj/src/sas_init.o
 .group         0x00000000        0xc ../build/obj/src/sas_init.o
 .group         0x00000000        0xc ../build/obj/src/sas_init.o
 .group         0x00000000        0xc ../build/obj/src/sas_init.o
 .group         0x00000000        0xc ../build/obj/src/sas_init.o
 .group         0x00000000        0xc ../build/obj/src/sas_init.o
 .group         0x00000000        0xc ../build/obj/src/sas_init.o
 .group         0x00000000        0xc ../build/obj/src/sas_init.o
 .group         0x00000000        0xc ../build/obj/src/sas_init.o
 .group         0x00000000        0xc ../build/obj/src/sas_init.o
 .group         0x00000000        0xc ../build/obj/src/sas_init.o
 .group         0x00000000        0xc ../build/obj/src/sas_init.o
 .group         0x00000000        0xc ../build/obj/src/sas_init.o
 .group         0x00000000        0xc ../build/obj/src/sas_init.o
 .debug_macro   0x00000000      0xa60 ../build/obj/src/sas_init.o
 .debug_macro   0x00000000       0x22 ../build/obj/src/sas_init.o
 .debug_macro   0x00000000       0x22 ../build/obj/src/sas_init.o
 .debug_macro   0x00000000       0x8e ../build/obj/src/sas_init.o
 .debug_macro   0x00000000       0x51 ../build/obj/src/sas_init.o
 .debug_macro   0x00000000      0x103 ../build/obj/src/sas_init.o
 .debug_macro   0x00000000       0x6a ../build/obj/src/sas_init.o
 .debug_macro   0x00000000      0x1df ../build/obj/src/sas_init.o
 .debug_macro   0x00000000       0x1c ../build/obj/src/sas_init.o
 .debug_macro   0x00000000       0x22 ../build/obj/src/sas_init.o
 .debug_macro   0x00000000       0xbd ../build/obj/src/sas_init.o
 .debug_macro   0x00000000      0xd23 ../build/obj/src/sas_init.o
 .debug_macro   0x00000000     0xde75 ../build/obj/src/sas_init.o
 .debug_macro   0x00000000       0x22 ../build/obj/src/sas_init.o
 .group         0x00000000        0xc ../build/obj/src/sas_interrupt.o
 .group         0x00000000        0xc ../build/obj/src/sas_interrupt.o
 .group         0x00000000        0xc ../build/obj/src/sas_interrupt.o
 .group         0x00000000        0xc ../build/obj/src/sas_interrupt.o
 .group         0x00000000        0xc ../build/obj/src/sas_interrupt.o
 .group         0x00000000        0xc ../build/obj/src/sas_interrupt.o
 .group         0x00000000        0xc ../build/obj/src/sas_interrupt.o
 .group         0x00000000        0xc ../build/obj/src/sas_interrupt.o
 .group         0x00000000        0xc ../build/obj/src/sas_interrupt.o
 .group         0x00000000        0xc ../build/obj/src/sas_interrupt.o
 .group         0x00000000        0xc ../build/obj/src/sas_interrupt.o
 .group         0x00000000        0xc ../build/obj/src/sas_interrupt.o
 .group         0x00000000        0xc ../build/obj/src/sas_interrupt.o
 .group         0x00000000        0xc ../build/obj/src/sas_interrupt.o
 .debug_macro   0x00000000      0xa60 ../build/obj/src/sas_interrupt.o
 .debug_macro   0x00000000       0x22 ../build/obj/src/sas_interrupt.o
 .debug_macro   0x00000000       0x22 ../build/obj/src/sas_interrupt.o
 .debug_macro   0x00000000       0x8e ../build/obj/src/sas_interrupt.o
 .debug_macro   0x00000000       0x51 ../build/obj/src/sas_interrupt.o
 .debug_macro   0x00000000      0x103 ../build/obj/src/sas_interrupt.o
 .debug_macro   0x00000000       0x6a ../build/obj/src/sas_interrupt.o
 .debug_macro   0x00000000      0x1df ../build/obj/src/sas_interrupt.o
 .debug_macro   0x00000000       0x1c ../build/obj/src/sas_interrupt.o
 .debug_macro   0x00000000       0x22 ../build/obj/src/sas_interrupt.o
 .debug_macro   0x00000000       0xbd ../build/obj/src/sas_interrupt.o
 .debug_macro   0x00000000      0xd23 ../build/obj/src/sas_interrupt.o
 .debug_macro   0x00000000     0xde75 ../build/obj/src/sas_interrupt.o
 .debug_macro   0x00000000       0x22 ../build/obj/src/sas_interrupt.o
 .group         0x00000000        0xc ../build/obj/src/sas_startup.o
 .group         0x00000000        0xc ../build/obj/src/sas_startup.o
 .group         0x00000000        0xc ../build/obj/src/sas_startup.o
 .group         0x00000000        0xc ../build/obj/src/sas_startup.o
 .group         0x00000000        0xc ../build/obj/src/sas_startup.o
 .group         0x00000000        0xc ../build/obj/src/sas_startup.o
 .group         0x00000000        0xc ../build/obj/src/sas_startup.o
 .group         0x00000000        0xc ../build/obj/src/sas_startup.o
 .group         0x00000000        0xc ../build/obj/src/sas_startup.o
 .group         0x00000000        0xc ../build/obj/src/sas_startup.o
 .group         0x00000000        0xc ../build/obj/src/sas_startup.o
 .group         0x00000000        0xc ../build/obj/src/sas_startup.o
 .group         0x00000000        0xc ../build/obj/src/sas_startup.o
 .group         0x00000000        0xc ../build/obj/src/sas_startup.o
 .debug_macro   0x00000000      0xa60 ../build/obj/src/sas_startup.o
 .debug_macro   0x00000000       0x22 ../build/obj/src/sas_startup.o
 .debug_macro   0x00000000       0x22 ../build/obj/src/sas_startup.o
 .debug_macro   0x00000000       0x8e ../build/obj/src/sas_startup.o
 .debug_macro   0x00000000       0x51 ../build/obj/src/sas_startup.o
 .debug_macro   0x00000000      0x103 ../build/obj/src/sas_startup.o
 .debug_macro   0x00000000       0x6a ../build/obj/src/sas_startup.o
 .debug_macro   0x00000000      0x1df ../build/obj/src/sas_startup.o
 .debug_macro   0x00000000       0x1c ../build/obj/src/sas_startup.o
 .debug_macro   0x00000000       0x22 ../build/obj/src/sas_startup.o
 .debug_macro   0x00000000       0xbd ../build/obj/src/sas_startup.o
 .debug_macro   0x00000000      0xd23 ../build/obj/src/sas_startup.o
 .debug_macro   0x00000000     0xde75 ../build/obj/src/sas_startup.o
 .debug_macro   0x00000000       0x22 ../build/obj/src/sas_startup.o
 .group         0x00000000        0xc ../build/obj/src/sas_uart.o
 .group         0x00000000        0xc ../build/obj/src/sas_uart.o
 .group         0x00000000        0xc ../build/obj/src/sas_uart.o
 .group         0x00000000        0xc ../build/obj/src/sas_uart.o
 .group         0x00000000        0xc ../build/obj/src/sas_uart.o
 .group         0x00000000        0xc ../build/obj/src/sas_uart.o
 .group         0x00000000        0xc ../build/obj/src/sas_uart.o
 .group         0x00000000        0xc ../build/obj/src/sas_uart.o
 .debug_macro   0x00000000      0xa60 ../build/obj/src/sas_uart.o
 .debug_macro   0x00000000       0x22 ../build/obj/src/sas_uart.o
 .debug_macro   0x00000000       0x8e ../build/obj/src/sas_uart.o
 .debug_macro   0x00000000       0x51 ../build/obj/src/sas_uart.o
 .debug_macro   0x00000000      0x103 ../build/obj/src/sas_uart.o
 .debug_macro   0x00000000       0x6a ../build/obj/src/sas_uart.o
 .debug_macro   0x00000000      0x1df ../build/obj/src/sas_uart.o
 .debug_macro   0x00000000       0x22 ../build/obj/src/sas_uart.o
 .group         0x00000000        0xc ../build/obj/src/sas_wdg.o
 .group         0x00000000        0xc ../build/obj/src/sas_wdg.o
 .group         0x00000000        0xc ../build/obj/src/sas_wdg.o
 .group         0x00000000        0xc ../build/obj/src/sas_wdg.o
 .group         0x00000000        0xc ../build/obj/src/sas_wdg.o
 .group         0x00000000        0xc ../build/obj/src/sas_wdg.o
 .group         0x00000000        0xc ../build/obj/src/sas_wdg.o
 .group         0x00000000        0xc ../build/obj/src/sas_wdg.o
 .group         0x00000000        0xc ../build/obj/src/sas_wdg.o
 .group         0x00000000        0xc ../build/obj/src/sas_wdg.o
 .group         0x00000000        0xc ../build/obj/src/sas_wdg.o
 .group         0x00000000        0xc ../build/obj/src/sas_wdg.o
 .group         0x00000000        0xc ../build/obj/src/sas_wdg.o
 .group         0x00000000        0xc ../build/obj/src/sas_wdg.o
 .debug_macro   0x00000000      0xa60 ../build/obj/src/sas_wdg.o
 .debug_macro   0x00000000       0x22 ../build/obj/src/sas_wdg.o
 .debug_macro   0x00000000       0x22 ../build/obj/src/sas_wdg.o
 .debug_macro   0x00000000       0x8e ../build/obj/src/sas_wdg.o
 .debug_macro   0x00000000       0x51 ../build/obj/src/sas_wdg.o
 .debug_macro   0x00000000      0x103 ../build/obj/src/sas_wdg.o
 .debug_macro   0x00000000       0x6a ../build/obj/src/sas_wdg.o
 .debug_macro   0x00000000      0x1df ../build/obj/src/sas_wdg.o
 .debug_macro   0x00000000       0x1c ../build/obj/src/sas_wdg.o
 .debug_macro   0x00000000       0x22 ../build/obj/src/sas_wdg.o
 .debug_macro   0x00000000       0xbd ../build/obj/src/sas_wdg.o
 .debug_macro   0x00000000      0xd23 ../build/obj/src/sas_wdg.o
 .debug_macro   0x00000000     0xde75 ../build/obj/src/sas_wdg.o
 .debug_macro   0x00000000       0x22 ../build/obj/src/sas_wdg.o

Memory Configuration

Name             Origin             Length             Attributes
VECTAB           0x08000000         0x00000110         xr
FLASH            0x08000110         0x0000feef         xr
SRAM             0x20000000         0x00005000         xrw
*default*        0x00000000         0xffffffff

Linker script and memory map

LOAD ../build/obj/src/main.o
LOAD ../build/obj/src/sas_adc.o
LOAD ../build/obj/src/sas_can.o
LOAD ../build/obj/src/sas_clock.o
LOAD ../build/obj/src/sas_dac.o
LOAD ../build/obj/src/sas_gpio.o
LOAD ../build/obj/src/sas_init.o
LOAD ../build/obj/src/sas_interrupt.o
LOAD ../build/obj/src/sas_startup.o
LOAD ../build/obj/src/sas_uart.o
LOAD ../build/obj/src/sas_wdg.o

.intvec         0x08000000      0x10c
                0x08000000                _intvec_start_ = .
 *(.intvec)
 .intvec        0x08000000      0x10c ../build/obj/src/sas_interrupt.o
                0x08000000                vectorTable
                0x0800010c                . = ALIGN (0x4)
                0x0800010c                _intvec_end_ = .

.text           0x08000110      0xa74
                0x08000110                _stext = .
 *(.text)
 .text          0x08000110       0xd0 ../build/obj/src/main.o
                0x08000110                delay
                0x0800013c                JumpToApp
                0x0800017c                main
 .text          0x080001e0        0x0 ../build/obj/src/sas_adc.o
 .text          0x080001e0      0x448 ../build/obj/src/sas_can.o
                0x080001e0                sas_setCANBaud
                0x0800023c                sas_can_initMode
                0x08000280                sas_can_init
                0x080002ea                sas_can_startStop
                0x08000370                sas_set_can_mode
                0x0800039e                sas_get_can_status
                0x080003b2                sas_can_fiter_conf
                0x08000440                sas_canWrite
                0x080004d4                sas_canRead
 .text          0x08000628      0x120 ../build/obj/src/sas_clock.o
                0x08000628                sas_clock_init
                0x08000668                sas_clock_set
                0x080006e0                sas_peri_clock_enable
 .text          0x08000748        0x0 ../build/obj/src/sas_dac.o
 .text          0x08000748      0x2f8 ../build/obj/src/sas_gpio.o
                0x08000748                config_gpio_pin
                0x08000784                read_pin
                0x080007c0                write_pin
                0x080007f8                sas_read_pin
                0x08000840                sas_write_pin
                0x0800088c                sas_read_port
                0x080008a4                sas_write_port
                0x080008bc                sas_configure_pin
                0x08000a28                sas_configure_port
 .text          0x08000a40       0x34 ../build/obj/src/sas_init.o
                0x08000a40                sysinit
 .text          0x08000a74       0x3c ../build/obj/src/sas_interrupt.o
                0x08000a74                RTC_Alarm_IRQHandler
                0x08000a74                EXTI2_IRQHandler
                0x08000a74                I2C1_ER_IRQHandler
                0x08000a74                TIM1_CC_IRQHandler
                0x08000a74                USART1_IRQHandler
                0x08000a74                FLASH_IRQHandler
                0x08000a74                PVD_IRQHandler
                0x08000a74                CAN1_SCE_IRQHandler
                0x08000a74                DMA1_Channel2_IRQHandler
                0x08000a74                EXTI3_IRQHandler
                0x08000a74                EXTI0_IRQHandler
                0x08000a74                USART2_IRQHandler
                0x08000a74                ADC1_2_IRQHandler
                0x08000a74                SPI1_IRQHandler
                0x08000a74                TAMPER_IRQHandler
                0x08000a74                DMA1_Channel4_IRQHandler
                0x08000a74                DefaultHandler
                0x08000a74                RTC_IRQHandler
                0x08000a74                DMA1_Channel7_IRQHandler
                0x08000a74                CAN1_RX1_IRQHandler
                0x08000a74                I2C1_EV_IRQHandler
                0x08000a74                DMA1_Channel6_IRQHandler
                0x08000a74                TIM3_IRQHandler
                0x08000a74                RCC_IRQHandler
                0x08000a74                TIM1_TRG_COM_IRQHandler
                0x08000a74                DMA1_Channel1_IRQHandler
                0x08000a74                EXTI15_10_IRQHandler
                0x08000a74                EXTI9_5_IRQHandler
                0x08000a74                EXTI1_IRQHandler
                0x08000a74                TIM1_BRK_IRQHandler
                0x08000a74                DMA1_Channel5_IRQHandler
                0x08000a74                EXTI4_IRQHandler
                0x08000a74                USB_LP_CAN1_RX0_IRQHandler
                0x08000a74                USB_HP_CAN1_TX_IRQHandler
                0x08000a74                DMA1_Channel3_IRQHandler
                0x08000a74                TIM1_UP_IRQHandler
                0x08000a74                WWDG_IRQHandler
                0x08000a74                TIM2_IRQHandler
                0x08000a74                USBWakeUp_IRQHandler
                0x08000a7a                NMI_Handler
                0x08000a80                HardFault_Handler
                0x08000a86                MemManage_Handler
                0x08000a8c                BusFault_Handler
                0x08000a92                UsageFault_Handler
                0x08000a98                SVC_Handler
                0x08000a9e                DebugMon_Handler
                0x08000aa4                PendSV_Handler
                0x08000aaa                SysTick_Handler
 .text          0x08000ab0       0x78 ../build/obj/src/sas_startup.o
                0x08000ab0                Reset_Handler
                0x08000ac0                initDataNbss
 .text          0x08000b28        0x0 ../build/obj/src/sas_uart.o
 .text          0x08000b28       0x1c ../build/obj/src/sas_wdg.o
                0x08000b28                sas_serv_wdg
                0x08000b36                sas_wdg_init
 *(.text*)
 *(.rodata)
 .rodata        0x08000b44       0x40 ../build/obj/src/sas_clock.o
                0x08000b44                sas_clock_config
 *(.rodata*)
 *(.glue_7)
 .glue_7        0x08000b84        0x0 linker stubs
 *(.glue_7t)
 .glue_7t       0x08000b84        0x0 linker stubs
 *(.eh_frame)
 *(.init)
 *(.fini)
                0x08000b84                . = ALIGN (0x4)
                0x08000b84                _etext = .

.vfp11_veneer   0x08000b84        0x0
 .vfp11_veneer  0x08000b84        0x0 linker stubs

.v4_bx          0x08000b84        0x0
 .v4_bx         0x08000b84        0x0 linker stubs

.iplt           0x08000b84        0x0
 .iplt          0x08000b84        0x0 ../build/obj/src/main.o

.rel.dyn        0x08000b84        0x0
 .rel.iplt      0x08000b84        0x0 ../build/obj/src/main.o

.data           0x20000000        0x0 load address 0x08000b84
                0x20000000                _sdata_ram = .
 *(.data)
 .data          0x20000000        0x0 ../build/obj/src/main.o
 .data          0x20000000        0x0 ../build/obj/src/sas_adc.o
 .data          0x20000000        0x0 ../build/obj/src/sas_can.o
 .data          0x20000000        0x0 ../build/obj/src/sas_clock.o
 .data          0x20000000        0x0 ../build/obj/src/sas_dac.o
 .data          0x20000000        0x0 ../build/obj/src/sas_gpio.o
 .data          0x20000000        0x0 ../build/obj/src/sas_init.o
 .data          0x20000000        0x0 ../build/obj/src/sas_interrupt.o
 .data          0x20000000        0x0 ../build/obj/src/sas_startup.o
 .data          0x20000000        0x0 ../build/obj/src/sas_uart.o
 .data          0x20000000        0x0 ../build/obj/src/sas_wdg.o
                0x20000000                . = ALIGN (0x4)
                0x20000000                _edata_ram = .

.BootAppFlags   0x20000000        0x4 load address 0x08000b84
 .BootAppFlags  0x20000000        0x4 ../build/obj/src/main.o
                0x20000000                BootAppFlag

.igot.plt       0x20000004        0x0 load address 0x08000b88
 .igot.plt      0x20000004        0x0 ../build/obj/src/main.o

.bss            0x20000004       0x30 load address 0x08000b88
                0x20000004                _bss_start_ = .
 *(.bss)
 .bss           0x20000004       0x19 ../build/obj/src/main.o
                0x20000004                dlyCnt
                0x20000008                counter
                0x2000000c                timeoutVar
                0x20000010                count
                0x20000012                pendingData
                0x20000014                validAppAvailble
                0x20000018                i
                0x2000001c                currstate
 .bss           0x2000001d        0x0 ../build/obj/src/sas_adc.o
 *fill*         0x2000001d        0x3 
 .bss           0x20000020       0x10 ../build/obj/src/sas_can.o
                0x20000020                canRxFrame
 .bss           0x20000030        0x0 ../build/obj/src/sas_clock.o
 .bss           0x20000030        0x0 ../build/obj/src/sas_dac.o
 .bss           0x20000030        0x4 ../build/obj/src/sas_gpio.o
                0x20000030                gpio
 .bss           0x20000034        0x0 ../build/obj/src/sas_init.o
 .bss           0x20000034        0x0 ../build/obj/src/sas_interrupt.o
 .bss           0x20000034        0x0 ../build/obj/src/sas_startup.o
 .bss           0x20000034        0x0 ../build/obj/src/sas_uart.o
 .bss           0x20000034        0x0 ../build/obj/src/sas_wdg.o
 *(.bss*)
 *(.common)
 *(.common*)
                0x20000034                . = ALIGN (0x4)
                0x20000034                _bss_end_ = .
OUTPUT(../build/bin/STM32F103C8_BASE.elf elf32-littlearm)
LOAD linker stubs

.debug_info     0x00000000     0x1a8b
 .debug_info    0x00000000      0x452 ../build/obj/src/main.o
 .debug_info    0x00000452       0x68 ../build/obj/src/sas_adc.o
 .debug_info    0x000004ba      0x8bb ../build/obj/src/sas_can.o
 .debug_info    0x00000d75      0x2e5 ../build/obj/src/sas_clock.o
 .debug_info    0x0000105a       0x68 ../build/obj/src/sas_dac.o
 .debug_info    0x000010c2      0x53f ../build/obj/src/sas_gpio.o
 .debug_info    0x00001601       0xb3 ../build/obj/src/sas_init.o
 .debug_info    0x000016b4      0x168 ../build/obj/src/sas_interrupt.o
 .debug_info    0x0000181c      0x13e ../build/obj/src/sas_startup.o
 .debug_info    0x0000195a       0x68 ../build/obj/src/sas_uart.o
 .debug_info    0x000019c2       0xc9 ../build/obj/src/sas_wdg.o

.debug_abbrev   0x00000000      0x96e
 .debug_abbrev  0x00000000      0x1c2 ../build/obj/src/main.o
 .debug_abbrev  0x000001c2       0x29 ../build/obj/src/sas_adc.o
 .debug_abbrev  0x000001eb      0x20d ../build/obj/src/sas_can.o
 .debug_abbrev  0x000003f8      0x154 ../build/obj/src/sas_clock.o
 .debug_abbrev  0x0000054c       0x29 ../build/obj/src/sas_dac.o
 .debug_abbrev  0x00000575      0x1cb ../build/obj/src/sas_gpio.o
 .debug_abbrev  0x00000740       0x74 ../build/obj/src/sas_init.o
 .debug_abbrev  0x000007b4       0x82 ../build/obj/src/sas_interrupt.o
 .debug_abbrev  0x00000836       0x9b ../build/obj/src/sas_startup.o
 .debug_abbrev  0x000008d1       0x29 ../build/obj/src/sas_uart.o
 .debug_abbrev  0x000008fa       0x74 ../build/obj/src/sas_wdg.o

.debug_aranges  0x00000000      0x148
 .debug_aranges
                0x00000000       0x20 ../build/obj/src/main.o
 .debug_aranges
                0x00000020       0x18 ../build/obj/src/sas_adc.o
 .debug_aranges
                0x00000038       0x20 ../build/obj/src/sas_can.o
 .debug_aranges
                0x00000058       0x20 ../build/obj/src/sas_clock.o
 .debug_aranges
                0x00000078       0x18 ../build/obj/src/sas_dac.o
 .debug_aranges
                0x00000090       0x20 ../build/obj/src/sas_gpio.o
 .debug_aranges
                0x000000b0       0x20 ../build/obj/src/sas_init.o
 .debug_aranges
                0x000000d0       0x20 ../build/obj/src/sas_interrupt.o
 .debug_aranges
                0x000000f0       0x20 ../build/obj/src/sas_startup.o
 .debug_aranges
                0x00000110       0x18 ../build/obj/src/sas_uart.o
 .debug_aranges
                0x00000128       0x20 ../build/obj/src/sas_wdg.o

.debug_macro    0x00000000    0x103ce
 .debug_macro   0x00000000      0x102 ../build/obj/src/main.o
 .debug_macro   0x00000102      0xa60 ../build/obj/src/main.o
 .debug_macro   0x00000b62       0x22 ../build/obj/src/main.o
 .debug_macro   0x00000b84       0x22 ../build/obj/src/main.o
 .debug_macro   0x00000ba6       0x8e ../build/obj/src/main.o
 .debug_macro   0x00000c34       0x51 ../build/obj/src/main.o
 .debug_macro   0x00000c85      0x103 ../build/obj/src/main.o
 .debug_macro   0x00000d88       0x6a ../build/obj/src/main.o
 .debug_macro   0x00000df2      0x1df ../build/obj/src/main.o
 .debug_macro   0x00000fd1       0x1c ../build/obj/src/main.o
 .debug_macro   0x00000fed       0x22 ../build/obj/src/main.o
 .debug_macro   0x0000100f       0xbd ../build/obj/src/main.o
 .debug_macro   0x000010cc      0xd23 ../build/obj/src/main.o
 .debug_macro   0x00001def     0xde75 ../build/obj/src/main.o
 .debug_macro   0x0000fc64       0x22 ../build/obj/src/main.o
 .debug_macro   0x0000fc86       0x70 ../build/obj/src/sas_adc.o
 .debug_macro   0x0000fcf6       0xd8 ../build/obj/src/sas_can.o
 .debug_macro   0x0000fdce       0xc4 ../build/obj/src/sas_clock.o
 .debug_macro   0x0000fe92       0x70 ../build/obj/src/sas_dac.o
 .debug_macro   0x0000ff02       0xc4 ../build/obj/src/sas_gpio.o
 .debug_macro   0x0000ffc6       0xec ../build/obj/src/sas_init.o
 .debug_macro   0x000100b2       0xf4 ../build/obj/src/sas_interrupt.o
 .debug_macro   0x000101a6       0xf4 ../build/obj/src/sas_startup.o
 .debug_macro   0x0001029a       0x70 ../build/obj/src/sas_uart.o
 .debug_macro   0x0001030a       0xc4 ../build/obj/src/sas_wdg.o

.debug_line     0x00000000     0x2178
 .debug_line    0x00000000      0x321 ../build/obj/src/main.o
 .debug_line    0x00000321      0x1ff ../build/obj/src/sas_adc.o
 .debug_line    0x00000520      0x53f ../build/obj/src/sas_can.o
 .debug_line    0x00000a5f      0x357 ../build/obj/src/sas_clock.o
 .debug_line    0x00000db6      0x1ff ../build/obj/src/sas_dac.o
 .debug_line    0x00000fb5      0x445 ../build/obj/src/sas_gpio.o
 .debug_line    0x000013fa      0x2d2 ../build/obj/src/sas_init.o
 .debug_line    0x000016cc      0x32c ../build/obj/src/sas_interrupt.o
 .debug_line    0x000019f8      0x2fb ../build/obj/src/sas_startup.o
 .debug_line    0x00001cf3      0x200 ../build/obj/src/sas_uart.o
 .debug_line    0x00001ef3      0x285 ../build/obj/src/sas_wdg.o

.debug_str      0x00000000    0x5349a
 .debug_str     0x00000000    0x52cbd ../build/obj/src/main.o
                              0x52f00 (size before relaxing)
 .debug_str     0x00052cbd       0x17 ../build/obj/src/sas_adc.o
                               0x3b93 (size before relaxing)
 .debug_str     0x00052cd4      0x3c8 ../build/obj/src/sas_can.o
                              0x5315f (size before relaxing)
 .debug_str     0x0005309c      0x15f ../build/obj/src/sas_clock.o
                              0x52d9c (size before relaxing)
 .debug_str     0x000531fb       0x17 ../build/obj/src/sas_dac.o
                               0x3b93 (size before relaxing)
 .debug_str     0x00053212       0xbb ../build/obj/src/sas_gpio.o
                              0x52e0c (size before relaxing)
 .debug_str     0x000532cd       0x20 ../build/obj/src/sas_init.o
                              0x52c1b (size before relaxing)
 .debug_str     0x000532ed       0xc8 ../build/obj/src/sas_interrupt.o
                              0x52cb1 (size before relaxing)
 .debug_str     0x000533b5       0x9c ../build/obj/src/sas_startup.o
                              0x52c85 (size before relaxing)
 .debug_str     0x00053451       0x18 ../build/obj/src/sas_uart.o
                               0x3b94 (size before relaxing)
 .debug_str     0x00053469       0x31 ../build/obj/src/sas_wdg.o
                              0x52bfc (size before relaxing)

.comment        0x00000000       0x49
 .comment       0x00000000       0x49 ../build/obj/src/main.o
                                 0x4a (size before relaxing)
 .comment       0x00000049       0x4a ../build/obj/src/sas_adc.o
 .comment       0x00000049       0x4a ../build/obj/src/sas_can.o
 .comment       0x00000049       0x4a ../build/obj/src/sas_clock.o
 .comment       0x00000049       0x4a ../build/obj/src/sas_dac.o
 .comment       0x00000049       0x4a ../build/obj/src/sas_gpio.o
 .comment       0x00000049       0x4a ../build/obj/src/sas_init.o
 .comment       0x00000049       0x4a ../build/obj/src/sas_interrupt.o
 .comment       0x00000049       0x4a ../build/obj/src/sas_startup.o
 .comment       0x00000049       0x4a ../build/obj/src/sas_uart.o
 .comment       0x00000049       0x4a ../build/obj/src/sas_wdg.o

.ARM.attributes
                0x00000000       0x2d
 .ARM.attributes
                0x00000000       0x2d ../build/obj/src/main.o
 .ARM.attributes
                0x0000002d       0x2d ../build/obj/src/sas_adc.o
 .ARM.attributes
                0x0000005a       0x2d ../build/obj/src/sas_can.o
 .ARM.attributes
                0x00000087       0x2d ../build/obj/src/sas_clock.o
 .ARM.attributes
                0x000000b4       0x2d ../build/obj/src/sas_dac.o
 .ARM.attributes
                0x000000e1       0x2d ../build/obj/src/sas_gpio.o
 .ARM.attributes
                0x0000010e       0x2d ../build/obj/src/sas_init.o
 .ARM.attributes
                0x0000013b       0x2d ../build/obj/src/sas_interrupt.o
 .ARM.attributes
                0x00000168       0x2d ../build/obj/src/sas_startup.o
 .ARM.attributes
                0x00000195       0x2d ../build/obj/src/sas_uart.o
 .ARM.attributes
                0x000001c2       0x2d ../build/obj/src/sas_wdg.o

.debug_frame    0x00000000      0x5a8
 .debug_frame   0x00000000       0x7c ../build/obj/src/main.o
 .debug_frame   0x0000007c      0x174 ../build/obj/src/sas_can.o
 .debug_frame   0x000001f0       0x7c ../build/obj/src/sas_clock.o
 .debug_frame   0x0000026c      0x16c ../build/obj/src/sas_gpio.o
 .debug_frame   0x000003d8       0x2c ../build/obj/src/sas_init.o
 .debug_frame   0x00000404      0x100 ../build/obj/src/sas_interrupt.o
 .debug_frame   0x00000504       0x54 ../build/obj/src/sas_startup.o
 .debug_frame   0x00000558       0x50 ../build/obj/src/sas_wdg.o
